Process: 1300 100 0 0 0
Process: 1300 400 0 0 0
Process: 1300 350 0 0 0
Process: 0 registered... (1300 100 0 0)
Process0 cpudone: 0 cputime: 1300 ionext: 0 ioblocking: 100 numblocked: 0 comptime: 0 currentTime: 0
Process0 cpudone: 1 cputime: 1300 ionext: 1 ioblocking: 100 numblocked: 0 comptime: 1 currentTime: 1
Process0 cpudone: 2 cputime: 1300 ionext: 2 ioblocking: 100 numblocked: 0 comptime: 2 currentTime: 2
Process0 cpudone: 3 cputime: 1300 ionext: 3 ioblocking: 100 numblocked: 0 comptime: 3 currentTime: 3
Process0 cpudone: 4 cputime: 1300 ionext: 4 ioblocking: 100 numblocked: 0 comptime: 4 currentTime: 4
Process0 cpudone: 5 cputime: 1300 ionext: 5 ioblocking: 100 numblocked: 0 comptime: 5 currentTime: 5
Process0 cpudone: 6 cputime: 1300 ionext: 6 ioblocking: 100 numblocked: 0 comptime: 6 currentTime: 6
Process0 cpudone: 7 cputime: 1300 ionext: 7 ioblocking: 100 numblocked: 0 comptime: 7 currentTime: 7
Process0 cpudone: 8 cputime: 1300 ionext: 8 ioblocking: 100 numblocked: 0 comptime: 8 currentTime: 8
Process0 cpudone: 9 cputime: 1300 ionext: 9 ioblocking: 100 numblocked: 0 comptime: 9 currentTime: 9
Process0 cpudone: 10 cputime: 1300 ionext: 10 ioblocking: 100 numblocked: 0 comptime: 10 currentTime: 10
Process0 cpudone: 11 cputime: 1300 ionext: 11 ioblocking: 100 numblocked: 0 comptime: 11 currentTime: 11
Process0 cpudone: 12 cputime: 1300 ionext: 12 ioblocking: 100 numblocked: 0 comptime: 12 currentTime: 12
Process0 cpudone: 13 cputime: 1300 ionext: 13 ioblocking: 100 numblocked: 0 comptime: 13 currentTime: 13
Process0 cpudone: 14 cputime: 1300 ionext: 14 ioblocking: 100 numblocked: 0 comptime: 14 currentTime: 14
Process0 cpudone: 15 cputime: 1300 ionext: 15 ioblocking: 100 numblocked: 0 comptime: 15 currentTime: 15
Process0 cpudone: 16 cputime: 1300 ionext: 16 ioblocking: 100 numblocked: 0 comptime: 16 currentTime: 16
Process0 cpudone: 17 cputime: 1300 ionext: 17 ioblocking: 100 numblocked: 0 comptime: 17 currentTime: 17
Process0 cpudone: 18 cputime: 1300 ionext: 18 ioblocking: 100 numblocked: 0 comptime: 18 currentTime: 18
Process0 cpudone: 19 cputime: 1300 ionext: 19 ioblocking: 100 numblocked: 0 comptime: 19 currentTime: 19
Process0 cpudone: 20 cputime: 1300 ionext: 20 ioblocking: 100 numblocked: 0 comptime: 20 currentTime: 20
Process0 cpudone: 21 cputime: 1300 ionext: 21 ioblocking: 100 numblocked: 0 comptime: 21 currentTime: 21
Process0 cpudone: 22 cputime: 1300 ionext: 22 ioblocking: 100 numblocked: 0 comptime: 22 currentTime: 22
Process0 cpudone: 23 cputime: 1300 ionext: 23 ioblocking: 100 numblocked: 0 comptime: 23 currentTime: 23
Process0 cpudone: 24 cputime: 1300 ionext: 24 ioblocking: 100 numblocked: 0 comptime: 24 currentTime: 24
Process0 cpudone: 25 cputime: 1300 ionext: 25 ioblocking: 100 numblocked: 0 comptime: 25 currentTime: 25
Process0 cpudone: 26 cputime: 1300 ionext: 26 ioblocking: 100 numblocked: 0 comptime: 26 currentTime: 26
Process0 cpudone: 27 cputime: 1300 ionext: 27 ioblocking: 100 numblocked: 0 comptime: 27 currentTime: 27
Process0 cpudone: 28 cputime: 1300 ionext: 28 ioblocking: 100 numblocked: 0 comptime: 28 currentTime: 28
Process0 cpudone: 29 cputime: 1300 ionext: 29 ioblocking: 100 numblocked: 0 comptime: 29 currentTime: 29
Process0 cpudone: 30 cputime: 1300 ionext: 30 ioblocking: 100 numblocked: 0 comptime: 30 currentTime: 30
Process0 cpudone: 31 cputime: 1300 ionext: 31 ioblocking: 100 numblocked: 0 comptime: 31 currentTime: 31
Process0 cpudone: 32 cputime: 1300 ionext: 32 ioblocking: 100 numblocked: 0 comptime: 32 currentTime: 32
Process0 cpudone: 33 cputime: 1300 ionext: 33 ioblocking: 100 numblocked: 0 comptime: 33 currentTime: 33
Process0 cpudone: 34 cputime: 1300 ionext: 34 ioblocking: 100 numblocked: 0 comptime: 34 currentTime: 34
Process0 cpudone: 35 cputime: 1300 ionext: 35 ioblocking: 100 numblocked: 0 comptime: 35 currentTime: 35
Process0 cpudone: 36 cputime: 1300 ionext: 36 ioblocking: 100 numblocked: 0 comptime: 36 currentTime: 36
Process0 cpudone: 37 cputime: 1300 ionext: 37 ioblocking: 100 numblocked: 0 comptime: 37 currentTime: 37
Process0 cpudone: 38 cputime: 1300 ionext: 38 ioblocking: 100 numblocked: 0 comptime: 38 currentTime: 38
Process0 cpudone: 39 cputime: 1300 ionext: 39 ioblocking: 100 numblocked: 0 comptime: 39 currentTime: 39
Process0 cpudone: 40 cputime: 1300 ionext: 40 ioblocking: 100 numblocked: 0 comptime: 40 currentTime: 40
Process0 cpudone: 41 cputime: 1300 ionext: 41 ioblocking: 100 numblocked: 0 comptime: 41 currentTime: 41
Process0 cpudone: 42 cputime: 1300 ionext: 42 ioblocking: 100 numblocked: 0 comptime: 42 currentTime: 42
Process0 cpudone: 43 cputime: 1300 ionext: 43 ioblocking: 100 numblocked: 0 comptime: 43 currentTime: 43
Process0 cpudone: 44 cputime: 1300 ionext: 44 ioblocking: 100 numblocked: 0 comptime: 44 currentTime: 44
Process0 cpudone: 45 cputime: 1300 ionext: 45 ioblocking: 100 numblocked: 0 comptime: 45 currentTime: 45
Process0 cpudone: 46 cputime: 1300 ionext: 46 ioblocking: 100 numblocked: 0 comptime: 46 currentTime: 46
Process0 cpudone: 47 cputime: 1300 ionext: 47 ioblocking: 100 numblocked: 0 comptime: 47 currentTime: 47
Process0 cpudone: 48 cputime: 1300 ionext: 48 ioblocking: 100 numblocked: 0 comptime: 48 currentTime: 48
Process0 cpudone: 49 cputime: 1300 ionext: 49 ioblocking: 100 numblocked: 0 comptime: 49 currentTime: 49
Process0 cpudone: 50 cputime: 1300 ionext: 50 ioblocking: 100 numblocked: 0 comptime: 50 currentTime: 50
Process0 cpudone: 51 cputime: 1300 ionext: 51 ioblocking: 100 numblocked: 0 comptime: 51 currentTime: 51
Process0 cpudone: 52 cputime: 1300 ionext: 52 ioblocking: 100 numblocked: 0 comptime: 52 currentTime: 52
Process0 cpudone: 53 cputime: 1300 ionext: 53 ioblocking: 100 numblocked: 0 comptime: 53 currentTime: 53
Process0 cpudone: 54 cputime: 1300 ionext: 54 ioblocking: 100 numblocked: 0 comptime: 54 currentTime: 54
Process0 cpudone: 55 cputime: 1300 ionext: 55 ioblocking: 100 numblocked: 0 comptime: 55 currentTime: 55
Process0 cpudone: 56 cputime: 1300 ionext: 56 ioblocking: 100 numblocked: 0 comptime: 56 currentTime: 56
Process0 cpudone: 57 cputime: 1300 ionext: 57 ioblocking: 100 numblocked: 0 comptime: 57 currentTime: 57
Process0 cpudone: 58 cputime: 1300 ionext: 58 ioblocking: 100 numblocked: 0 comptime: 58 currentTime: 58
Process0 cpudone: 59 cputime: 1300 ionext: 59 ioblocking: 100 numblocked: 0 comptime: 59 currentTime: 59
Process0 cpudone: 60 cputime: 1300 ionext: 60 ioblocking: 100 numblocked: 0 comptime: 60 currentTime: 60
Process0 cpudone: 61 cputime: 1300 ionext: 61 ioblocking: 100 numblocked: 0 comptime: 61 currentTime: 61
Process0 cpudone: 62 cputime: 1300 ionext: 62 ioblocking: 100 numblocked: 0 comptime: 62 currentTime: 62
Process0 cpudone: 63 cputime: 1300 ionext: 63 ioblocking: 100 numblocked: 0 comptime: 63 currentTime: 63
Process0 cpudone: 64 cputime: 1300 ionext: 64 ioblocking: 100 numblocked: 0 comptime: 64 currentTime: 64
Process0 cpudone: 65 cputime: 1300 ionext: 65 ioblocking: 100 numblocked: 0 comptime: 65 currentTime: 65
Process0 cpudone: 66 cputime: 1300 ionext: 66 ioblocking: 100 numblocked: 0 comptime: 66 currentTime: 66
Process0 cpudone: 67 cputime: 1300 ionext: 67 ioblocking: 100 numblocked: 0 comptime: 67 currentTime: 67
Process0 cpudone: 68 cputime: 1300 ionext: 68 ioblocking: 100 numblocked: 0 comptime: 68 currentTime: 68
Process0 cpudone: 69 cputime: 1300 ionext: 69 ioblocking: 100 numblocked: 0 comptime: 69 currentTime: 69
Process0 cpudone: 70 cputime: 1300 ionext: 70 ioblocking: 100 numblocked: 0 comptime: 70 currentTime: 70
Process0 cpudone: 71 cputime: 1300 ionext: 71 ioblocking: 100 numblocked: 0 comptime: 71 currentTime: 71
Process0 cpudone: 72 cputime: 1300 ionext: 72 ioblocking: 100 numblocked: 0 comptime: 72 currentTime: 72
Process0 cpudone: 73 cputime: 1300 ionext: 73 ioblocking: 100 numblocked: 0 comptime: 73 currentTime: 73
Process0 cpudone: 74 cputime: 1300 ionext: 74 ioblocking: 100 numblocked: 0 comptime: 74 currentTime: 74
Process0 cpudone: 75 cputime: 1300 ionext: 75 ioblocking: 100 numblocked: 0 comptime: 75 currentTime: 75
Process0 cpudone: 76 cputime: 1300 ionext: 76 ioblocking: 100 numblocked: 0 comptime: 76 currentTime: 76
Process0 cpudone: 77 cputime: 1300 ionext: 77 ioblocking: 100 numblocked: 0 comptime: 77 currentTime: 77
Process0 cpudone: 78 cputime: 1300 ionext: 78 ioblocking: 100 numblocked: 0 comptime: 78 currentTime: 78
Process0 cpudone: 79 cputime: 1300 ionext: 79 ioblocking: 100 numblocked: 0 comptime: 79 currentTime: 79
Process0 cpudone: 80 cputime: 1300 ionext: 80 ioblocking: 100 numblocked: 0 comptime: 80 currentTime: 80
Process0 cpudone: 81 cputime: 1300 ionext: 81 ioblocking: 100 numblocked: 0 comptime: 81 currentTime: 81
Process0 cpudone: 82 cputime: 1300 ionext: 82 ioblocking: 100 numblocked: 0 comptime: 82 currentTime: 82
Process0 cpudone: 83 cputime: 1300 ionext: 83 ioblocking: 100 numblocked: 0 comptime: 83 currentTime: 83
Process0 cpudone: 84 cputime: 1300 ionext: 84 ioblocking: 100 numblocked: 0 comptime: 84 currentTime: 84
Process0 cpudone: 85 cputime: 1300 ionext: 85 ioblocking: 100 numblocked: 0 comptime: 85 currentTime: 85
Process0 cpudone: 86 cputime: 1300 ionext: 86 ioblocking: 100 numblocked: 0 comptime: 86 currentTime: 86
Process0 cpudone: 87 cputime: 1300 ionext: 87 ioblocking: 100 numblocked: 0 comptime: 87 currentTime: 87
Process0 cpudone: 88 cputime: 1300 ionext: 88 ioblocking: 100 numblocked: 0 comptime: 88 currentTime: 88
Process0 cpudone: 89 cputime: 1300 ionext: 89 ioblocking: 100 numblocked: 0 comptime: 89 currentTime: 89
Process0 cpudone: 90 cputime: 1300 ionext: 90 ioblocking: 100 numblocked: 0 comptime: 90 currentTime: 90
Process0 cpudone: 91 cputime: 1300 ionext: 91 ioblocking: 100 numblocked: 0 comptime: 91 currentTime: 91
Process0 cpudone: 92 cputime: 1300 ionext: 92 ioblocking: 100 numblocked: 0 comptime: 92 currentTime: 92
Process0 cpudone: 93 cputime: 1300 ionext: 93 ioblocking: 100 numblocked: 0 comptime: 93 currentTime: 93
Process0 cpudone: 94 cputime: 1300 ionext: 94 ioblocking: 100 numblocked: 0 comptime: 94 currentTime: 94
Process0 cpudone: 95 cputime: 1300 ionext: 95 ioblocking: 100 numblocked: 0 comptime: 95 currentTime: 95
Process0 cpudone: 96 cputime: 1300 ionext: 96 ioblocking: 100 numblocked: 0 comptime: 96 currentTime: 96
Process0 cpudone: 97 cputime: 1300 ionext: 97 ioblocking: 100 numblocked: 0 comptime: 97 currentTime: 97
Process0 cpudone: 98 cputime: 1300 ionext: 98 ioblocking: 100 numblocked: 0 comptime: 98 currentTime: 98
Process0 cpudone: 99 cputime: 1300 ionext: 99 ioblocking: 100 numblocked: 0 comptime: 99 currentTime: 99
Process0 cpudone: 100 cputime: 1300 ionext: 100 ioblocking: 100 numblocked: 0 comptime: 100 currentTime: 100
Process: 0 I/O blocked... (1300 100 100 100)
Process: 1 registered... (1300 400 0 100)
Process1 cpudone: 1 cputime: 1300 ionext: 1 ioblocking: 400 numblocked: 0 comptime: 101 currentTime: 1
Process1 cpudone: 2 cputime: 1300 ionext: 2 ioblocking: 400 numblocked: 0 comptime: 102 currentTime: 2
Process1 cpudone: 3 cputime: 1300 ionext: 3 ioblocking: 400 numblocked: 0 comptime: 103 currentTime: 3
Process1 cpudone: 4 cputime: 1300 ionext: 4 ioblocking: 400 numblocked: 0 comptime: 104 currentTime: 4
Process1 cpudone: 5 cputime: 1300 ionext: 5 ioblocking: 400 numblocked: 0 comptime: 105 currentTime: 5
Process1 cpudone: 6 cputime: 1300 ionext: 6 ioblocking: 400 numblocked: 0 comptime: 106 currentTime: 6
Process1 cpudone: 7 cputime: 1300 ionext: 7 ioblocking: 400 numblocked: 0 comptime: 107 currentTime: 7
Process1 cpudone: 8 cputime: 1300 ionext: 8 ioblocking: 400 numblocked: 0 comptime: 108 currentTime: 8
Process1 cpudone: 9 cputime: 1300 ionext: 9 ioblocking: 400 numblocked: 0 comptime: 109 currentTime: 9
Process1 cpudone: 10 cputime: 1300 ionext: 10 ioblocking: 400 numblocked: 0 comptime: 110 currentTime: 10
Process1 cpudone: 11 cputime: 1300 ionext: 11 ioblocking: 400 numblocked: 0 comptime: 111 currentTime: 11
Process1 cpudone: 12 cputime: 1300 ionext: 12 ioblocking: 400 numblocked: 0 comptime: 112 currentTime: 12
Process1 cpudone: 13 cputime: 1300 ionext: 13 ioblocking: 400 numblocked: 0 comptime: 113 currentTime: 13
Process1 cpudone: 14 cputime: 1300 ionext: 14 ioblocking: 400 numblocked: 0 comptime: 114 currentTime: 14
Process1 cpudone: 15 cputime: 1300 ionext: 15 ioblocking: 400 numblocked: 0 comptime: 115 currentTime: 15
Process1 cpudone: 16 cputime: 1300 ionext: 16 ioblocking: 400 numblocked: 0 comptime: 116 currentTime: 16
Process1 cpudone: 17 cputime: 1300 ionext: 17 ioblocking: 400 numblocked: 0 comptime: 117 currentTime: 17
Process1 cpudone: 18 cputime: 1300 ionext: 18 ioblocking: 400 numblocked: 0 comptime: 118 currentTime: 18
Process1 cpudone: 19 cputime: 1300 ionext: 19 ioblocking: 400 numblocked: 0 comptime: 119 currentTime: 19
Process1 cpudone: 20 cputime: 1300 ionext: 20 ioblocking: 400 numblocked: 0 comptime: 120 currentTime: 20
Process1 cpudone: 21 cputime: 1300 ionext: 21 ioblocking: 400 numblocked: 0 comptime: 121 currentTime: 21
Process1 cpudone: 22 cputime: 1300 ionext: 22 ioblocking: 400 numblocked: 0 comptime: 122 currentTime: 22
Process1 cpudone: 23 cputime: 1300 ionext: 23 ioblocking: 400 numblocked: 0 comptime: 123 currentTime: 23
Process1 cpudone: 24 cputime: 1300 ionext: 24 ioblocking: 400 numblocked: 0 comptime: 124 currentTime: 24
Process1 cpudone: 25 cputime: 1300 ionext: 25 ioblocking: 400 numblocked: 0 comptime: 125 currentTime: 25
Process1 cpudone: 26 cputime: 1300 ionext: 26 ioblocking: 400 numblocked: 0 comptime: 126 currentTime: 26
Process1 cpudone: 27 cputime: 1300 ionext: 27 ioblocking: 400 numblocked: 0 comptime: 127 currentTime: 27
Process1 cpudone: 28 cputime: 1300 ionext: 28 ioblocking: 400 numblocked: 0 comptime: 128 currentTime: 28
Process1 cpudone: 29 cputime: 1300 ionext: 29 ioblocking: 400 numblocked: 0 comptime: 129 currentTime: 29
Process1 cpudone: 30 cputime: 1300 ionext: 30 ioblocking: 400 numblocked: 0 comptime: 130 currentTime: 30
Process1 cpudone: 31 cputime: 1300 ionext: 31 ioblocking: 400 numblocked: 0 comptime: 131 currentTime: 31
Process1 cpudone: 32 cputime: 1300 ionext: 32 ioblocking: 400 numblocked: 0 comptime: 132 currentTime: 32
Process1 cpudone: 33 cputime: 1300 ionext: 33 ioblocking: 400 numblocked: 0 comptime: 133 currentTime: 33
Process1 cpudone: 34 cputime: 1300 ionext: 34 ioblocking: 400 numblocked: 0 comptime: 134 currentTime: 34
Process1 cpudone: 35 cputime: 1300 ionext: 35 ioblocking: 400 numblocked: 0 comptime: 135 currentTime: 35
Process1 cpudone: 36 cputime: 1300 ionext: 36 ioblocking: 400 numblocked: 0 comptime: 136 currentTime: 36
Process1 cpudone: 37 cputime: 1300 ionext: 37 ioblocking: 400 numblocked: 0 comptime: 137 currentTime: 37
Process1 cpudone: 38 cputime: 1300 ionext: 38 ioblocking: 400 numblocked: 0 comptime: 138 currentTime: 38
Process1 cpudone: 39 cputime: 1300 ionext: 39 ioblocking: 400 numblocked: 0 comptime: 139 currentTime: 39
Process1 cpudone: 40 cputime: 1300 ionext: 40 ioblocking: 400 numblocked: 0 comptime: 140 currentTime: 40
Process1 cpudone: 41 cputime: 1300 ionext: 41 ioblocking: 400 numblocked: 0 comptime: 141 currentTime: 41
Process1 cpudone: 42 cputime: 1300 ionext: 42 ioblocking: 400 numblocked: 0 comptime: 142 currentTime: 42
Process1 cpudone: 43 cputime: 1300 ionext: 43 ioblocking: 400 numblocked: 0 comptime: 143 currentTime: 43
Process1 cpudone: 44 cputime: 1300 ionext: 44 ioblocking: 400 numblocked: 0 comptime: 144 currentTime: 44
Process1 cpudone: 45 cputime: 1300 ionext: 45 ioblocking: 400 numblocked: 0 comptime: 145 currentTime: 45
Process1 cpudone: 46 cputime: 1300 ionext: 46 ioblocking: 400 numblocked: 0 comptime: 146 currentTime: 46
Process1 cpudone: 47 cputime: 1300 ionext: 47 ioblocking: 400 numblocked: 0 comptime: 147 currentTime: 47
Process1 cpudone: 48 cputime: 1300 ionext: 48 ioblocking: 400 numblocked: 0 comptime: 148 currentTime: 48
Process1 cpudone: 49 cputime: 1300 ionext: 49 ioblocking: 400 numblocked: 0 comptime: 149 currentTime: 49
Process1 cpudone: 50 cputime: 1300 ionext: 50 ioblocking: 400 numblocked: 0 comptime: 150 currentTime: 50
Process1 cpudone: 51 cputime: 1300 ionext: 51 ioblocking: 400 numblocked: 0 comptime: 151 currentTime: 51
Process1 cpudone: 52 cputime: 1300 ionext: 52 ioblocking: 400 numblocked: 0 comptime: 152 currentTime: 52
Process1 cpudone: 53 cputime: 1300 ionext: 53 ioblocking: 400 numblocked: 0 comptime: 153 currentTime: 53
Process1 cpudone: 54 cputime: 1300 ionext: 54 ioblocking: 400 numblocked: 0 comptime: 154 currentTime: 54
Process1 cpudone: 55 cputime: 1300 ionext: 55 ioblocking: 400 numblocked: 0 comptime: 155 currentTime: 55
Process1 cpudone: 56 cputime: 1300 ionext: 56 ioblocking: 400 numblocked: 0 comptime: 156 currentTime: 56
Process1 cpudone: 57 cputime: 1300 ionext: 57 ioblocking: 400 numblocked: 0 comptime: 157 currentTime: 57
Process1 cpudone: 58 cputime: 1300 ionext: 58 ioblocking: 400 numblocked: 0 comptime: 158 currentTime: 58
Process1 cpudone: 59 cputime: 1300 ionext: 59 ioblocking: 400 numblocked: 0 comptime: 159 currentTime: 59
Process1 cpudone: 60 cputime: 1300 ionext: 60 ioblocking: 400 numblocked: 0 comptime: 160 currentTime: 60
Process1 cpudone: 61 cputime: 1300 ionext: 61 ioblocking: 400 numblocked: 0 comptime: 161 currentTime: 61
Process1 cpudone: 62 cputime: 1300 ionext: 62 ioblocking: 400 numblocked: 0 comptime: 162 currentTime: 62
Process1 cpudone: 63 cputime: 1300 ionext: 63 ioblocking: 400 numblocked: 0 comptime: 163 currentTime: 63
Process1 cpudone: 64 cputime: 1300 ionext: 64 ioblocking: 400 numblocked: 0 comptime: 164 currentTime: 64
Process1 cpudone: 65 cputime: 1300 ionext: 65 ioblocking: 400 numblocked: 0 comptime: 165 currentTime: 65
Process1 cpudone: 66 cputime: 1300 ionext: 66 ioblocking: 400 numblocked: 0 comptime: 166 currentTime: 66
Process1 cpudone: 67 cputime: 1300 ionext: 67 ioblocking: 400 numblocked: 0 comptime: 167 currentTime: 67
Process1 cpudone: 68 cputime: 1300 ionext: 68 ioblocking: 400 numblocked: 0 comptime: 168 currentTime: 68
Process1 cpudone: 69 cputime: 1300 ionext: 69 ioblocking: 400 numblocked: 0 comptime: 169 currentTime: 69
Process1 cpudone: 70 cputime: 1300 ionext: 70 ioblocking: 400 numblocked: 0 comptime: 170 currentTime: 70
Process1 cpudone: 71 cputime: 1300 ionext: 71 ioblocking: 400 numblocked: 0 comptime: 171 currentTime: 71
Process1 cpudone: 72 cputime: 1300 ionext: 72 ioblocking: 400 numblocked: 0 comptime: 172 currentTime: 72
Process1 cpudone: 73 cputime: 1300 ionext: 73 ioblocking: 400 numblocked: 0 comptime: 173 currentTime: 73
Process1 cpudone: 74 cputime: 1300 ionext: 74 ioblocking: 400 numblocked: 0 comptime: 174 currentTime: 74
Process1 cpudone: 75 cputime: 1300 ionext: 75 ioblocking: 400 numblocked: 0 comptime: 175 currentTime: 75
Process1 cpudone: 76 cputime: 1300 ionext: 76 ioblocking: 400 numblocked: 0 comptime: 176 currentTime: 76
Process1 cpudone: 77 cputime: 1300 ionext: 77 ioblocking: 400 numblocked: 0 comptime: 177 currentTime: 77
Process1 cpudone: 78 cputime: 1300 ionext: 78 ioblocking: 400 numblocked: 0 comptime: 178 currentTime: 78
Process1 cpudone: 79 cputime: 1300 ionext: 79 ioblocking: 400 numblocked: 0 comptime: 179 currentTime: 79
Process1 cpudone: 80 cputime: 1300 ionext: 80 ioblocking: 400 numblocked: 0 comptime: 180 currentTime: 80
Process1 cpudone: 81 cputime: 1300 ionext: 81 ioblocking: 400 numblocked: 0 comptime: 181 currentTime: 81
Process1 cpudone: 82 cputime: 1300 ionext: 82 ioblocking: 400 numblocked: 0 comptime: 182 currentTime: 82
Process1 cpudone: 83 cputime: 1300 ionext: 83 ioblocking: 400 numblocked: 0 comptime: 183 currentTime: 83
Process1 cpudone: 84 cputime: 1300 ionext: 84 ioblocking: 400 numblocked: 0 comptime: 184 currentTime: 84
Process1 cpudone: 85 cputime: 1300 ionext: 85 ioblocking: 400 numblocked: 0 comptime: 185 currentTime: 85
Process1 cpudone: 86 cputime: 1300 ionext: 86 ioblocking: 400 numblocked: 0 comptime: 186 currentTime: 86
Process1 cpudone: 87 cputime: 1300 ionext: 87 ioblocking: 400 numblocked: 0 comptime: 187 currentTime: 87
Process1 cpudone: 88 cputime: 1300 ionext: 88 ioblocking: 400 numblocked: 0 comptime: 188 currentTime: 88
Process1 cpudone: 89 cputime: 1300 ionext: 89 ioblocking: 400 numblocked: 0 comptime: 189 currentTime: 89
Process1 cpudone: 90 cputime: 1300 ionext: 90 ioblocking: 400 numblocked: 0 comptime: 190 currentTime: 90
Process1 cpudone: 91 cputime: 1300 ionext: 91 ioblocking: 400 numblocked: 0 comptime: 191 currentTime: 91
Process1 cpudone: 92 cputime: 1300 ionext: 92 ioblocking: 400 numblocked: 0 comptime: 192 currentTime: 92
Process1 cpudone: 93 cputime: 1300 ionext: 93 ioblocking: 400 numblocked: 0 comptime: 193 currentTime: 93
Process1 cpudone: 94 cputime: 1300 ionext: 94 ioblocking: 400 numblocked: 0 comptime: 194 currentTime: 94
Process1 cpudone: 95 cputime: 1300 ionext: 95 ioblocking: 400 numblocked: 0 comptime: 195 currentTime: 95
Process1 cpudone: 96 cputime: 1300 ionext: 96 ioblocking: 400 numblocked: 0 comptime: 196 currentTime: 96
Process1 cpudone: 97 cputime: 1300 ionext: 97 ioblocking: 400 numblocked: 0 comptime: 197 currentTime: 97
Process1 cpudone: 98 cputime: 1300 ionext: 98 ioblocking: 400 numblocked: 0 comptime: 198 currentTime: 98
Process1 cpudone: 99 cputime: 1300 ionext: 99 ioblocking: 400 numblocked: 0 comptime: 199 currentTime: 99
Process1 cpudone: 100 cputime: 1300 ionext: 100 ioblocking: 400 numblocked: 0 comptime: 200 currentTime: 100
Process1 cpudone: 101 cputime: 1300 ionext: 101 ioblocking: 400 numblocked: 0 comptime: 201 currentTime: 101
Process1 cpudone: 102 cputime: 1300 ionext: 102 ioblocking: 400 numblocked: 0 comptime: 202 currentTime: 102
Process1 cpudone: 103 cputime: 1300 ionext: 103 ioblocking: 400 numblocked: 0 comptime: 203 currentTime: 103
Process1 cpudone: 104 cputime: 1300 ionext: 104 ioblocking: 400 numblocked: 0 comptime: 204 currentTime: 104
Process1 cpudone: 105 cputime: 1300 ionext: 105 ioblocking: 400 numblocked: 0 comptime: 205 currentTime: 105
Process1 cpudone: 106 cputime: 1300 ionext: 106 ioblocking: 400 numblocked: 0 comptime: 206 currentTime: 106
Process1 cpudone: 107 cputime: 1300 ionext: 107 ioblocking: 400 numblocked: 0 comptime: 207 currentTime: 107
Process1 cpudone: 108 cputime: 1300 ionext: 108 ioblocking: 400 numblocked: 0 comptime: 208 currentTime: 108
Process1 cpudone: 109 cputime: 1300 ionext: 109 ioblocking: 400 numblocked: 0 comptime: 209 currentTime: 109
Process1 cpudone: 110 cputime: 1300 ionext: 110 ioblocking: 400 numblocked: 0 comptime: 210 currentTime: 110
Process1 cpudone: 111 cputime: 1300 ionext: 111 ioblocking: 400 numblocked: 0 comptime: 211 currentTime: 111
Process1 cpudone: 112 cputime: 1300 ionext: 112 ioblocking: 400 numblocked: 0 comptime: 212 currentTime: 112
Process1 cpudone: 113 cputime: 1300 ionext: 113 ioblocking: 400 numblocked: 0 comptime: 213 currentTime: 113
Process1 cpudone: 114 cputime: 1300 ionext: 114 ioblocking: 400 numblocked: 0 comptime: 214 currentTime: 114
Process1 cpudone: 115 cputime: 1300 ionext: 115 ioblocking: 400 numblocked: 0 comptime: 215 currentTime: 115
Process1 cpudone: 116 cputime: 1300 ionext: 116 ioblocking: 400 numblocked: 0 comptime: 216 currentTime: 116
Process1 cpudone: 117 cputime: 1300 ionext: 117 ioblocking: 400 numblocked: 0 comptime: 217 currentTime: 117
Process1 cpudone: 118 cputime: 1300 ionext: 118 ioblocking: 400 numblocked: 0 comptime: 218 currentTime: 118
Process1 cpudone: 119 cputime: 1300 ionext: 119 ioblocking: 400 numblocked: 0 comptime: 219 currentTime: 119
Process1 cpudone: 120 cputime: 1300 ionext: 120 ioblocking: 400 numblocked: 0 comptime: 220 currentTime: 120
Process1 cpudone: 121 cputime: 1300 ionext: 121 ioblocking: 400 numblocked: 0 comptime: 221 currentTime: 121
Process1 cpudone: 122 cputime: 1300 ionext: 122 ioblocking: 400 numblocked: 0 comptime: 222 currentTime: 122
Process1 cpudone: 123 cputime: 1300 ionext: 123 ioblocking: 400 numblocked: 0 comptime: 223 currentTime: 123
Process1 cpudone: 124 cputime: 1300 ionext: 124 ioblocking: 400 numblocked: 0 comptime: 224 currentTime: 124
Process1 cpudone: 125 cputime: 1300 ionext: 125 ioblocking: 400 numblocked: 0 comptime: 225 currentTime: 125
Process1 cpudone: 126 cputime: 1300 ionext: 126 ioblocking: 400 numblocked: 0 comptime: 226 currentTime: 126
Process1 cpudone: 127 cputime: 1300 ionext: 127 ioblocking: 400 numblocked: 0 comptime: 227 currentTime: 127
Process1 cpudone: 128 cputime: 1300 ionext: 128 ioblocking: 400 numblocked: 0 comptime: 228 currentTime: 128
Process1 cpudone: 129 cputime: 1300 ionext: 129 ioblocking: 400 numblocked: 0 comptime: 229 currentTime: 129
Process1 cpudone: 130 cputime: 1300 ionext: 130 ioblocking: 400 numblocked: 0 comptime: 230 currentTime: 130
Process1 cpudone: 131 cputime: 1300 ionext: 131 ioblocking: 400 numblocked: 0 comptime: 231 currentTime: 131
Process1 cpudone: 132 cputime: 1300 ionext: 132 ioblocking: 400 numblocked: 0 comptime: 232 currentTime: 132
Process1 cpudone: 133 cputime: 1300 ionext: 133 ioblocking: 400 numblocked: 0 comptime: 233 currentTime: 133
Process1 cpudone: 134 cputime: 1300 ionext: 134 ioblocking: 400 numblocked: 0 comptime: 234 currentTime: 134
Process1 cpudone: 135 cputime: 1300 ionext: 135 ioblocking: 400 numblocked: 0 comptime: 235 currentTime: 135
Process1 cpudone: 136 cputime: 1300 ionext: 136 ioblocking: 400 numblocked: 0 comptime: 236 currentTime: 136
Process1 cpudone: 137 cputime: 1300 ionext: 137 ioblocking: 400 numblocked: 0 comptime: 237 currentTime: 137
Process1 cpudone: 138 cputime: 1300 ionext: 138 ioblocking: 400 numblocked: 0 comptime: 238 currentTime: 138
Process1 cpudone: 139 cputime: 1300 ionext: 139 ioblocking: 400 numblocked: 0 comptime: 239 currentTime: 139
Process1 cpudone: 140 cputime: 1300 ionext: 140 ioblocking: 400 numblocked: 0 comptime: 240 currentTime: 140
Process1 cpudone: 141 cputime: 1300 ionext: 141 ioblocking: 400 numblocked: 0 comptime: 241 currentTime: 141
Process1 cpudone: 142 cputime: 1300 ionext: 142 ioblocking: 400 numblocked: 0 comptime: 242 currentTime: 142
Process1 cpudone: 143 cputime: 1300 ionext: 143 ioblocking: 400 numblocked: 0 comptime: 243 currentTime: 143
Process1 cpudone: 144 cputime: 1300 ionext: 144 ioblocking: 400 numblocked: 0 comptime: 244 currentTime: 144
Process1 cpudone: 145 cputime: 1300 ionext: 145 ioblocking: 400 numblocked: 0 comptime: 245 currentTime: 145
Process1 cpudone: 146 cputime: 1300 ionext: 146 ioblocking: 400 numblocked: 0 comptime: 246 currentTime: 146
Process1 cpudone: 147 cputime: 1300 ionext: 147 ioblocking: 400 numblocked: 0 comptime: 247 currentTime: 147
Process1 cpudone: 148 cputime: 1300 ionext: 148 ioblocking: 400 numblocked: 0 comptime: 248 currentTime: 148
Process1 cpudone: 149 cputime: 1300 ionext: 149 ioblocking: 400 numblocked: 0 comptime: 249 currentTime: 149
Process1 cpudone: 150 cputime: 1300 ionext: 150 ioblocking: 400 numblocked: 0 comptime: 250 currentTime: 150
Process: 2 registered... (1300 350 0 250)
Process2 cpudone: 1 cputime: 1300 ionext: 1 ioblocking: 350 numblocked: 0 comptime: 251 currentTime: 1
Process2 cpudone: 2 cputime: 1300 ionext: 2 ioblocking: 350 numblocked: 0 comptime: 252 currentTime: 2
Process2 cpudone: 3 cputime: 1300 ionext: 3 ioblocking: 350 numblocked: 0 comptime: 253 currentTime: 3
Process2 cpudone: 4 cputime: 1300 ionext: 4 ioblocking: 350 numblocked: 0 comptime: 254 currentTime: 4
Process2 cpudone: 5 cputime: 1300 ionext: 5 ioblocking: 350 numblocked: 0 comptime: 255 currentTime: 5
Process2 cpudone: 6 cputime: 1300 ionext: 6 ioblocking: 350 numblocked: 0 comptime: 256 currentTime: 6
Process2 cpudone: 7 cputime: 1300 ionext: 7 ioblocking: 350 numblocked: 0 comptime: 257 currentTime: 7
Process2 cpudone: 8 cputime: 1300 ionext: 8 ioblocking: 350 numblocked: 0 comptime: 258 currentTime: 8
Process2 cpudone: 9 cputime: 1300 ionext: 9 ioblocking: 350 numblocked: 0 comptime: 259 currentTime: 9
Process2 cpudone: 10 cputime: 1300 ionext: 10 ioblocking: 350 numblocked: 0 comptime: 260 currentTime: 10
Process2 cpudone: 11 cputime: 1300 ionext: 11 ioblocking: 350 numblocked: 0 comptime: 261 currentTime: 11
Process2 cpudone: 12 cputime: 1300 ionext: 12 ioblocking: 350 numblocked: 0 comptime: 262 currentTime: 12
Process2 cpudone: 13 cputime: 1300 ionext: 13 ioblocking: 350 numblocked: 0 comptime: 263 currentTime: 13
Process2 cpudone: 14 cputime: 1300 ionext: 14 ioblocking: 350 numblocked: 0 comptime: 264 currentTime: 14
Process2 cpudone: 15 cputime: 1300 ionext: 15 ioblocking: 350 numblocked: 0 comptime: 265 currentTime: 15
Process2 cpudone: 16 cputime: 1300 ionext: 16 ioblocking: 350 numblocked: 0 comptime: 266 currentTime: 16
Process2 cpudone: 17 cputime: 1300 ionext: 17 ioblocking: 350 numblocked: 0 comptime: 267 currentTime: 17
Process2 cpudone: 18 cputime: 1300 ionext: 18 ioblocking: 350 numblocked: 0 comptime: 268 currentTime: 18
Process2 cpudone: 19 cputime: 1300 ionext: 19 ioblocking: 350 numblocked: 0 comptime: 269 currentTime: 19
Process2 cpudone: 20 cputime: 1300 ionext: 20 ioblocking: 350 numblocked: 0 comptime: 270 currentTime: 20
Process2 cpudone: 21 cputime: 1300 ionext: 21 ioblocking: 350 numblocked: 0 comptime: 271 currentTime: 21
Process2 cpudone: 22 cputime: 1300 ionext: 22 ioblocking: 350 numblocked: 0 comptime: 272 currentTime: 22
Process2 cpudone: 23 cputime: 1300 ionext: 23 ioblocking: 350 numblocked: 0 comptime: 273 currentTime: 23
Process2 cpudone: 24 cputime: 1300 ionext: 24 ioblocking: 350 numblocked: 0 comptime: 274 currentTime: 24
Process2 cpudone: 25 cputime: 1300 ionext: 25 ioblocking: 350 numblocked: 0 comptime: 275 currentTime: 25
Process2 cpudone: 26 cputime: 1300 ionext: 26 ioblocking: 350 numblocked: 0 comptime: 276 currentTime: 26
Process2 cpudone: 27 cputime: 1300 ionext: 27 ioblocking: 350 numblocked: 0 comptime: 277 currentTime: 27
Process2 cpudone: 28 cputime: 1300 ionext: 28 ioblocking: 350 numblocked: 0 comptime: 278 currentTime: 28
Process2 cpudone: 29 cputime: 1300 ionext: 29 ioblocking: 350 numblocked: 0 comptime: 279 currentTime: 29
Process2 cpudone: 30 cputime: 1300 ionext: 30 ioblocking: 350 numblocked: 0 comptime: 280 currentTime: 30
Process2 cpudone: 31 cputime: 1300 ionext: 31 ioblocking: 350 numblocked: 0 comptime: 281 currentTime: 31
Process2 cpudone: 32 cputime: 1300 ionext: 32 ioblocking: 350 numblocked: 0 comptime: 282 currentTime: 32
Process2 cpudone: 33 cputime: 1300 ionext: 33 ioblocking: 350 numblocked: 0 comptime: 283 currentTime: 33
Process2 cpudone: 34 cputime: 1300 ionext: 34 ioblocking: 350 numblocked: 0 comptime: 284 currentTime: 34
Process2 cpudone: 35 cputime: 1300 ionext: 35 ioblocking: 350 numblocked: 0 comptime: 285 currentTime: 35
Process2 cpudone: 36 cputime: 1300 ionext: 36 ioblocking: 350 numblocked: 0 comptime: 286 currentTime: 36
Process2 cpudone: 37 cputime: 1300 ionext: 37 ioblocking: 350 numblocked: 0 comptime: 287 currentTime: 37
Process2 cpudone: 38 cputime: 1300 ionext: 38 ioblocking: 350 numblocked: 0 comptime: 288 currentTime: 38
Process2 cpudone: 39 cputime: 1300 ionext: 39 ioblocking: 350 numblocked: 0 comptime: 289 currentTime: 39
Process2 cpudone: 40 cputime: 1300 ionext: 40 ioblocking: 350 numblocked: 0 comptime: 290 currentTime: 40
Process2 cpudone: 41 cputime: 1300 ionext: 41 ioblocking: 350 numblocked: 0 comptime: 291 currentTime: 41
Process2 cpudone: 42 cputime: 1300 ionext: 42 ioblocking: 350 numblocked: 0 comptime: 292 currentTime: 42
Process2 cpudone: 43 cputime: 1300 ionext: 43 ioblocking: 350 numblocked: 0 comptime: 293 currentTime: 43
Process2 cpudone: 44 cputime: 1300 ionext: 44 ioblocking: 350 numblocked: 0 comptime: 294 currentTime: 44
Process2 cpudone: 45 cputime: 1300 ionext: 45 ioblocking: 350 numblocked: 0 comptime: 295 currentTime: 45
Process2 cpudone: 46 cputime: 1300 ionext: 46 ioblocking: 350 numblocked: 0 comptime: 296 currentTime: 46
Process2 cpudone: 47 cputime: 1300 ionext: 47 ioblocking: 350 numblocked: 0 comptime: 297 currentTime: 47
Process2 cpudone: 48 cputime: 1300 ionext: 48 ioblocking: 350 numblocked: 0 comptime: 298 currentTime: 48
Process2 cpudone: 49 cputime: 1300 ionext: 49 ioblocking: 350 numblocked: 0 comptime: 299 currentTime: 49
Process2 cpudone: 50 cputime: 1300 ionext: 50 ioblocking: 350 numblocked: 0 comptime: 300 currentTime: 50
Process2 cpudone: 51 cputime: 1300 ionext: 51 ioblocking: 350 numblocked: 0 comptime: 301 currentTime: 51
Process2 cpudone: 52 cputime: 1300 ionext: 52 ioblocking: 350 numblocked: 0 comptime: 302 currentTime: 52
Process2 cpudone: 53 cputime: 1300 ionext: 53 ioblocking: 350 numblocked: 0 comptime: 303 currentTime: 53
Process2 cpudone: 54 cputime: 1300 ionext: 54 ioblocking: 350 numblocked: 0 comptime: 304 currentTime: 54
Process2 cpudone: 55 cputime: 1300 ionext: 55 ioblocking: 350 numblocked: 0 comptime: 305 currentTime: 55
Process2 cpudone: 56 cputime: 1300 ionext: 56 ioblocking: 350 numblocked: 0 comptime: 306 currentTime: 56
Process2 cpudone: 57 cputime: 1300 ionext: 57 ioblocking: 350 numblocked: 0 comptime: 307 currentTime: 57
Process2 cpudone: 58 cputime: 1300 ionext: 58 ioblocking: 350 numblocked: 0 comptime: 308 currentTime: 58
Process2 cpudone: 59 cputime: 1300 ionext: 59 ioblocking: 350 numblocked: 0 comptime: 309 currentTime: 59
Process2 cpudone: 60 cputime: 1300 ionext: 60 ioblocking: 350 numblocked: 0 comptime: 310 currentTime: 60
Process2 cpudone: 61 cputime: 1300 ionext: 61 ioblocking: 350 numblocked: 0 comptime: 311 currentTime: 61
Process2 cpudone: 62 cputime: 1300 ionext: 62 ioblocking: 350 numblocked: 0 comptime: 312 currentTime: 62
Process2 cpudone: 63 cputime: 1300 ionext: 63 ioblocking: 350 numblocked: 0 comptime: 313 currentTime: 63
Process2 cpudone: 64 cputime: 1300 ionext: 64 ioblocking: 350 numblocked: 0 comptime: 314 currentTime: 64
Process2 cpudone: 65 cputime: 1300 ionext: 65 ioblocking: 350 numblocked: 0 comptime: 315 currentTime: 65
Process2 cpudone: 66 cputime: 1300 ionext: 66 ioblocking: 350 numblocked: 0 comptime: 316 currentTime: 66
Process2 cpudone: 67 cputime: 1300 ionext: 67 ioblocking: 350 numblocked: 0 comptime: 317 currentTime: 67
Process2 cpudone: 68 cputime: 1300 ionext: 68 ioblocking: 350 numblocked: 0 comptime: 318 currentTime: 68
Process2 cpudone: 69 cputime: 1300 ionext: 69 ioblocking: 350 numblocked: 0 comptime: 319 currentTime: 69
Process2 cpudone: 70 cputime: 1300 ionext: 70 ioblocking: 350 numblocked: 0 comptime: 320 currentTime: 70
Process2 cpudone: 71 cputime: 1300 ionext: 71 ioblocking: 350 numblocked: 0 comptime: 321 currentTime: 71
Process2 cpudone: 72 cputime: 1300 ionext: 72 ioblocking: 350 numblocked: 0 comptime: 322 currentTime: 72
Process2 cpudone: 73 cputime: 1300 ionext: 73 ioblocking: 350 numblocked: 0 comptime: 323 currentTime: 73
Process2 cpudone: 74 cputime: 1300 ionext: 74 ioblocking: 350 numblocked: 0 comptime: 324 currentTime: 74
Process2 cpudone: 75 cputime: 1300 ionext: 75 ioblocking: 350 numblocked: 0 comptime: 325 currentTime: 75
Process2 cpudone: 76 cputime: 1300 ionext: 76 ioblocking: 350 numblocked: 0 comptime: 326 currentTime: 76
Process2 cpudone: 77 cputime: 1300 ionext: 77 ioblocking: 350 numblocked: 0 comptime: 327 currentTime: 77
Process2 cpudone: 78 cputime: 1300 ionext: 78 ioblocking: 350 numblocked: 0 comptime: 328 currentTime: 78
Process2 cpudone: 79 cputime: 1300 ionext: 79 ioblocking: 350 numblocked: 0 comptime: 329 currentTime: 79
Process2 cpudone: 80 cputime: 1300 ionext: 80 ioblocking: 350 numblocked: 0 comptime: 330 currentTime: 80
Process2 cpudone: 81 cputime: 1300 ionext: 81 ioblocking: 350 numblocked: 0 comptime: 331 currentTime: 81
Process2 cpudone: 82 cputime: 1300 ionext: 82 ioblocking: 350 numblocked: 0 comptime: 332 currentTime: 82
Process2 cpudone: 83 cputime: 1300 ionext: 83 ioblocking: 350 numblocked: 0 comptime: 333 currentTime: 83
Process2 cpudone: 84 cputime: 1300 ionext: 84 ioblocking: 350 numblocked: 0 comptime: 334 currentTime: 84
Process2 cpudone: 85 cputime: 1300 ionext: 85 ioblocking: 350 numblocked: 0 comptime: 335 currentTime: 85
Process2 cpudone: 86 cputime: 1300 ionext: 86 ioblocking: 350 numblocked: 0 comptime: 336 currentTime: 86
Process2 cpudone: 87 cputime: 1300 ionext: 87 ioblocking: 350 numblocked: 0 comptime: 337 currentTime: 87
Process2 cpudone: 88 cputime: 1300 ionext: 88 ioblocking: 350 numblocked: 0 comptime: 338 currentTime: 88
Process2 cpudone: 89 cputime: 1300 ionext: 89 ioblocking: 350 numblocked: 0 comptime: 339 currentTime: 89
Process2 cpudone: 90 cputime: 1300 ionext: 90 ioblocking: 350 numblocked: 0 comptime: 340 currentTime: 90
Process2 cpudone: 91 cputime: 1300 ionext: 91 ioblocking: 350 numblocked: 0 comptime: 341 currentTime: 91
Process2 cpudone: 92 cputime: 1300 ionext: 92 ioblocking: 350 numblocked: 0 comptime: 342 currentTime: 92
Process2 cpudone: 93 cputime: 1300 ionext: 93 ioblocking: 350 numblocked: 0 comptime: 343 currentTime: 93
Process2 cpudone: 94 cputime: 1300 ionext: 94 ioblocking: 350 numblocked: 0 comptime: 344 currentTime: 94
Process2 cpudone: 95 cputime: 1300 ionext: 95 ioblocking: 350 numblocked: 0 comptime: 345 currentTime: 95
Process2 cpudone: 96 cputime: 1300 ionext: 96 ioblocking: 350 numblocked: 0 comptime: 346 currentTime: 96
Process2 cpudone: 97 cputime: 1300 ionext: 97 ioblocking: 350 numblocked: 0 comptime: 347 currentTime: 97
Process2 cpudone: 98 cputime: 1300 ionext: 98 ioblocking: 350 numblocked: 0 comptime: 348 currentTime: 98
Process2 cpudone: 99 cputime: 1300 ionext: 99 ioblocking: 350 numblocked: 0 comptime: 349 currentTime: 99
Process2 cpudone: 100 cputime: 1300 ionext: 100 ioblocking: 350 numblocked: 0 comptime: 350 currentTime: 100
Process2 cpudone: 101 cputime: 1300 ionext: 101 ioblocking: 350 numblocked: 0 comptime: 351 currentTime: 101
Process2 cpudone: 102 cputime: 1300 ionext: 102 ioblocking: 350 numblocked: 0 comptime: 352 currentTime: 102
Process2 cpudone: 103 cputime: 1300 ionext: 103 ioblocking: 350 numblocked: 0 comptime: 353 currentTime: 103
Process2 cpudone: 104 cputime: 1300 ionext: 104 ioblocking: 350 numblocked: 0 comptime: 354 currentTime: 104
Process2 cpudone: 105 cputime: 1300 ionext: 105 ioblocking: 350 numblocked: 0 comptime: 355 currentTime: 105
Process2 cpudone: 106 cputime: 1300 ionext: 106 ioblocking: 350 numblocked: 0 comptime: 356 currentTime: 106
Process2 cpudone: 107 cputime: 1300 ionext: 107 ioblocking: 350 numblocked: 0 comptime: 357 currentTime: 107
Process2 cpudone: 108 cputime: 1300 ionext: 108 ioblocking: 350 numblocked: 0 comptime: 358 currentTime: 108
Process2 cpudone: 109 cputime: 1300 ionext: 109 ioblocking: 350 numblocked: 0 comptime: 359 currentTime: 109
Process2 cpudone: 110 cputime: 1300 ionext: 110 ioblocking: 350 numblocked: 0 comptime: 360 currentTime: 110
Process2 cpudone: 111 cputime: 1300 ionext: 111 ioblocking: 350 numblocked: 0 comptime: 361 currentTime: 111
Process2 cpudone: 112 cputime: 1300 ionext: 112 ioblocking: 350 numblocked: 0 comptime: 362 currentTime: 112
Process2 cpudone: 113 cputime: 1300 ionext: 113 ioblocking: 350 numblocked: 0 comptime: 363 currentTime: 113
Process2 cpudone: 114 cputime: 1300 ionext: 114 ioblocking: 350 numblocked: 0 comptime: 364 currentTime: 114
Process2 cpudone: 115 cputime: 1300 ionext: 115 ioblocking: 350 numblocked: 0 comptime: 365 currentTime: 115
Process2 cpudone: 116 cputime: 1300 ionext: 116 ioblocking: 350 numblocked: 0 comptime: 366 currentTime: 116
Process2 cpudone: 117 cputime: 1300 ionext: 117 ioblocking: 350 numblocked: 0 comptime: 367 currentTime: 117
Process2 cpudone: 118 cputime: 1300 ionext: 118 ioblocking: 350 numblocked: 0 comptime: 368 currentTime: 118
Process2 cpudone: 119 cputime: 1300 ionext: 119 ioblocking: 350 numblocked: 0 comptime: 369 currentTime: 119
Process2 cpudone: 120 cputime: 1300 ionext: 120 ioblocking: 350 numblocked: 0 comptime: 370 currentTime: 120
Process2 cpudone: 121 cputime: 1300 ionext: 121 ioblocking: 350 numblocked: 0 comptime: 371 currentTime: 121
Process2 cpudone: 122 cputime: 1300 ionext: 122 ioblocking: 350 numblocked: 0 comptime: 372 currentTime: 122
Process2 cpudone: 123 cputime: 1300 ionext: 123 ioblocking: 350 numblocked: 0 comptime: 373 currentTime: 123
Process2 cpudone: 124 cputime: 1300 ionext: 124 ioblocking: 350 numblocked: 0 comptime: 374 currentTime: 124
Process2 cpudone: 125 cputime: 1300 ionext: 125 ioblocking: 350 numblocked: 0 comptime: 375 currentTime: 125
Process2 cpudone: 126 cputime: 1300 ionext: 126 ioblocking: 350 numblocked: 0 comptime: 376 currentTime: 126
Process2 cpudone: 127 cputime: 1300 ionext: 127 ioblocking: 350 numblocked: 0 comptime: 377 currentTime: 127
Process2 cpudone: 128 cputime: 1300 ionext: 128 ioblocking: 350 numblocked: 0 comptime: 378 currentTime: 128
Process2 cpudone: 129 cputime: 1300 ionext: 129 ioblocking: 350 numblocked: 0 comptime: 379 currentTime: 129
Process2 cpudone: 130 cputime: 1300 ionext: 130 ioblocking: 350 numblocked: 0 comptime: 380 currentTime: 130
Process2 cpudone: 131 cputime: 1300 ionext: 131 ioblocking: 350 numblocked: 0 comptime: 381 currentTime: 131
Process2 cpudone: 132 cputime: 1300 ionext: 132 ioblocking: 350 numblocked: 0 comptime: 382 currentTime: 132
Process2 cpudone: 133 cputime: 1300 ionext: 133 ioblocking: 350 numblocked: 0 comptime: 383 currentTime: 133
Process2 cpudone: 134 cputime: 1300 ionext: 134 ioblocking: 350 numblocked: 0 comptime: 384 currentTime: 134
Process2 cpudone: 135 cputime: 1300 ionext: 135 ioblocking: 350 numblocked: 0 comptime: 385 currentTime: 135
Process2 cpudone: 136 cputime: 1300 ionext: 136 ioblocking: 350 numblocked: 0 comptime: 386 currentTime: 136
Process2 cpudone: 137 cputime: 1300 ionext: 137 ioblocking: 350 numblocked: 0 comptime: 387 currentTime: 137
Process2 cpudone: 138 cputime: 1300 ionext: 138 ioblocking: 350 numblocked: 0 comptime: 388 currentTime: 138
Process2 cpudone: 139 cputime: 1300 ionext: 139 ioblocking: 350 numblocked: 0 comptime: 389 currentTime: 139
Process2 cpudone: 140 cputime: 1300 ionext: 140 ioblocking: 350 numblocked: 0 comptime: 390 currentTime: 140
Process2 cpudone: 141 cputime: 1300 ionext: 141 ioblocking: 350 numblocked: 0 comptime: 391 currentTime: 141
Process2 cpudone: 142 cputime: 1300 ionext: 142 ioblocking: 350 numblocked: 0 comptime: 392 currentTime: 142
Process2 cpudone: 143 cputime: 1300 ionext: 143 ioblocking: 350 numblocked: 0 comptime: 393 currentTime: 143
Process2 cpudone: 144 cputime: 1300 ionext: 144 ioblocking: 350 numblocked: 0 comptime: 394 currentTime: 144
Process2 cpudone: 145 cputime: 1300 ionext: 145 ioblocking: 350 numblocked: 0 comptime: 395 currentTime: 145
Process2 cpudone: 146 cputime: 1300 ionext: 146 ioblocking: 350 numblocked: 0 comptime: 396 currentTime: 146
Process2 cpudone: 147 cputime: 1300 ionext: 147 ioblocking: 350 numblocked: 0 comptime: 397 currentTime: 147
Process2 cpudone: 148 cputime: 1300 ionext: 148 ioblocking: 350 numblocked: 0 comptime: 398 currentTime: 148
Process2 cpudone: 149 cputime: 1300 ionext: 149 ioblocking: 350 numblocked: 0 comptime: 399 currentTime: 149
Process2 cpudone: 150 cputime: 1300 ionext: 150 ioblocking: 350 numblocked: 0 comptime: 400 currentTime: 150
Process: 0 registered... (1300 100 100 400)
Process0 cpudone: 101 cputime: 1300 ionext: 1 ioblocking: 100 numblocked: 1 comptime: 401 currentTime: 1
Process0 cpudone: 102 cputime: 1300 ionext: 2 ioblocking: 100 numblocked: 1 comptime: 402 currentTime: 2
Process0 cpudone: 103 cputime: 1300 ionext: 3 ioblocking: 100 numblocked: 1 comptime: 403 currentTime: 3
Process0 cpudone: 104 cputime: 1300 ionext: 4 ioblocking: 100 numblocked: 1 comptime: 404 currentTime: 4
Process0 cpudone: 105 cputime: 1300 ionext: 5 ioblocking: 100 numblocked: 1 comptime: 405 currentTime: 5
Process0 cpudone: 106 cputime: 1300 ionext: 6 ioblocking: 100 numblocked: 1 comptime: 406 currentTime: 6
Process0 cpudone: 107 cputime: 1300 ionext: 7 ioblocking: 100 numblocked: 1 comptime: 407 currentTime: 7
Process0 cpudone: 108 cputime: 1300 ionext: 8 ioblocking: 100 numblocked: 1 comptime: 408 currentTime: 8
Process0 cpudone: 109 cputime: 1300 ionext: 9 ioblocking: 100 numblocked: 1 comptime: 409 currentTime: 9
Process0 cpudone: 110 cputime: 1300 ionext: 10 ioblocking: 100 numblocked: 1 comptime: 410 currentTime: 10
Process0 cpudone: 111 cputime: 1300 ionext: 11 ioblocking: 100 numblocked: 1 comptime: 411 currentTime: 11
Process0 cpudone: 112 cputime: 1300 ionext: 12 ioblocking: 100 numblocked: 1 comptime: 412 currentTime: 12
Process0 cpudone: 113 cputime: 1300 ionext: 13 ioblocking: 100 numblocked: 1 comptime: 413 currentTime: 13
Process0 cpudone: 114 cputime: 1300 ionext: 14 ioblocking: 100 numblocked: 1 comptime: 414 currentTime: 14
Process0 cpudone: 115 cputime: 1300 ionext: 15 ioblocking: 100 numblocked: 1 comptime: 415 currentTime: 15
Process0 cpudone: 116 cputime: 1300 ionext: 16 ioblocking: 100 numblocked: 1 comptime: 416 currentTime: 16
Process0 cpudone: 117 cputime: 1300 ionext: 17 ioblocking: 100 numblocked: 1 comptime: 417 currentTime: 17
Process0 cpudone: 118 cputime: 1300 ionext: 18 ioblocking: 100 numblocked: 1 comptime: 418 currentTime: 18
Process0 cpudone: 119 cputime: 1300 ionext: 19 ioblocking: 100 numblocked: 1 comptime: 419 currentTime: 19
Process0 cpudone: 120 cputime: 1300 ionext: 20 ioblocking: 100 numblocked: 1 comptime: 420 currentTime: 20
Process0 cpudone: 121 cputime: 1300 ionext: 21 ioblocking: 100 numblocked: 1 comptime: 421 currentTime: 21
Process0 cpudone: 122 cputime: 1300 ionext: 22 ioblocking: 100 numblocked: 1 comptime: 422 currentTime: 22
Process0 cpudone: 123 cputime: 1300 ionext: 23 ioblocking: 100 numblocked: 1 comptime: 423 currentTime: 23
Process0 cpudone: 124 cputime: 1300 ionext: 24 ioblocking: 100 numblocked: 1 comptime: 424 currentTime: 24
Process0 cpudone: 125 cputime: 1300 ionext: 25 ioblocking: 100 numblocked: 1 comptime: 425 currentTime: 25
Process0 cpudone: 126 cputime: 1300 ionext: 26 ioblocking: 100 numblocked: 1 comptime: 426 currentTime: 26
Process0 cpudone: 127 cputime: 1300 ionext: 27 ioblocking: 100 numblocked: 1 comptime: 427 currentTime: 27
Process0 cpudone: 128 cputime: 1300 ionext: 28 ioblocking: 100 numblocked: 1 comptime: 428 currentTime: 28
Process0 cpudone: 129 cputime: 1300 ionext: 29 ioblocking: 100 numblocked: 1 comptime: 429 currentTime: 29
Process0 cpudone: 130 cputime: 1300 ionext: 30 ioblocking: 100 numblocked: 1 comptime: 430 currentTime: 30
Process0 cpudone: 131 cputime: 1300 ionext: 31 ioblocking: 100 numblocked: 1 comptime: 431 currentTime: 31
Process0 cpudone: 132 cputime: 1300 ionext: 32 ioblocking: 100 numblocked: 1 comptime: 432 currentTime: 32
Process0 cpudone: 133 cputime: 1300 ionext: 33 ioblocking: 100 numblocked: 1 comptime: 433 currentTime: 33
Process0 cpudone: 134 cputime: 1300 ionext: 34 ioblocking: 100 numblocked: 1 comptime: 434 currentTime: 34
Process0 cpudone: 135 cputime: 1300 ionext: 35 ioblocking: 100 numblocked: 1 comptime: 435 currentTime: 35
Process0 cpudone: 136 cputime: 1300 ionext: 36 ioblocking: 100 numblocked: 1 comptime: 436 currentTime: 36
Process0 cpudone: 137 cputime: 1300 ionext: 37 ioblocking: 100 numblocked: 1 comptime: 437 currentTime: 37
Process0 cpudone: 138 cputime: 1300 ionext: 38 ioblocking: 100 numblocked: 1 comptime: 438 currentTime: 38
Process0 cpudone: 139 cputime: 1300 ionext: 39 ioblocking: 100 numblocked: 1 comptime: 439 currentTime: 39
Process0 cpudone: 140 cputime: 1300 ionext: 40 ioblocking: 100 numblocked: 1 comptime: 440 currentTime: 40
Process0 cpudone: 141 cputime: 1300 ionext: 41 ioblocking: 100 numblocked: 1 comptime: 441 currentTime: 41
Process0 cpudone: 142 cputime: 1300 ionext: 42 ioblocking: 100 numblocked: 1 comptime: 442 currentTime: 42
Process0 cpudone: 143 cputime: 1300 ionext: 43 ioblocking: 100 numblocked: 1 comptime: 443 currentTime: 43
Process0 cpudone: 144 cputime: 1300 ionext: 44 ioblocking: 100 numblocked: 1 comptime: 444 currentTime: 44
Process0 cpudone: 145 cputime: 1300 ionext: 45 ioblocking: 100 numblocked: 1 comptime: 445 currentTime: 45
Process0 cpudone: 146 cputime: 1300 ionext: 46 ioblocking: 100 numblocked: 1 comptime: 446 currentTime: 46
Process0 cpudone: 147 cputime: 1300 ionext: 47 ioblocking: 100 numblocked: 1 comptime: 447 currentTime: 47
Process0 cpudone: 148 cputime: 1300 ionext: 48 ioblocking: 100 numblocked: 1 comptime: 448 currentTime: 48
Process0 cpudone: 149 cputime: 1300 ionext: 49 ioblocking: 100 numblocked: 1 comptime: 449 currentTime: 49
Process0 cpudone: 150 cputime: 1300 ionext: 50 ioblocking: 100 numblocked: 1 comptime: 450 currentTime: 50
Process0 cpudone: 151 cputime: 1300 ionext: 51 ioblocking: 100 numblocked: 1 comptime: 451 currentTime: 51
Process0 cpudone: 152 cputime: 1300 ionext: 52 ioblocking: 100 numblocked: 1 comptime: 452 currentTime: 52
Process0 cpudone: 153 cputime: 1300 ionext: 53 ioblocking: 100 numblocked: 1 comptime: 453 currentTime: 53
Process0 cpudone: 154 cputime: 1300 ionext: 54 ioblocking: 100 numblocked: 1 comptime: 454 currentTime: 54
Process0 cpudone: 155 cputime: 1300 ionext: 55 ioblocking: 100 numblocked: 1 comptime: 455 currentTime: 55
Process0 cpudone: 156 cputime: 1300 ionext: 56 ioblocking: 100 numblocked: 1 comptime: 456 currentTime: 56
Process0 cpudone: 157 cputime: 1300 ionext: 57 ioblocking: 100 numblocked: 1 comptime: 457 currentTime: 57
Process0 cpudone: 158 cputime: 1300 ionext: 58 ioblocking: 100 numblocked: 1 comptime: 458 currentTime: 58
Process0 cpudone: 159 cputime: 1300 ionext: 59 ioblocking: 100 numblocked: 1 comptime: 459 currentTime: 59
Process0 cpudone: 160 cputime: 1300 ionext: 60 ioblocking: 100 numblocked: 1 comptime: 460 currentTime: 60
Process0 cpudone: 161 cputime: 1300 ionext: 61 ioblocking: 100 numblocked: 1 comptime: 461 currentTime: 61
Process0 cpudone: 162 cputime: 1300 ionext: 62 ioblocking: 100 numblocked: 1 comptime: 462 currentTime: 62
Process0 cpudone: 163 cputime: 1300 ionext: 63 ioblocking: 100 numblocked: 1 comptime: 463 currentTime: 63
Process0 cpudone: 164 cputime: 1300 ionext: 64 ioblocking: 100 numblocked: 1 comptime: 464 currentTime: 64
Process0 cpudone: 165 cputime: 1300 ionext: 65 ioblocking: 100 numblocked: 1 comptime: 465 currentTime: 65
Process0 cpudone: 166 cputime: 1300 ionext: 66 ioblocking: 100 numblocked: 1 comptime: 466 currentTime: 66
Process0 cpudone: 167 cputime: 1300 ionext: 67 ioblocking: 100 numblocked: 1 comptime: 467 currentTime: 67
Process0 cpudone: 168 cputime: 1300 ionext: 68 ioblocking: 100 numblocked: 1 comptime: 468 currentTime: 68
Process0 cpudone: 169 cputime: 1300 ionext: 69 ioblocking: 100 numblocked: 1 comptime: 469 currentTime: 69
Process0 cpudone: 170 cputime: 1300 ionext: 70 ioblocking: 100 numblocked: 1 comptime: 470 currentTime: 70
Process0 cpudone: 171 cputime: 1300 ionext: 71 ioblocking: 100 numblocked: 1 comptime: 471 currentTime: 71
Process0 cpudone: 172 cputime: 1300 ionext: 72 ioblocking: 100 numblocked: 1 comptime: 472 currentTime: 72
Process0 cpudone: 173 cputime: 1300 ionext: 73 ioblocking: 100 numblocked: 1 comptime: 473 currentTime: 73
Process0 cpudone: 174 cputime: 1300 ionext: 74 ioblocking: 100 numblocked: 1 comptime: 474 currentTime: 74
Process0 cpudone: 175 cputime: 1300 ionext: 75 ioblocking: 100 numblocked: 1 comptime: 475 currentTime: 75
Process0 cpudone: 176 cputime: 1300 ionext: 76 ioblocking: 100 numblocked: 1 comptime: 476 currentTime: 76
Process0 cpudone: 177 cputime: 1300 ionext: 77 ioblocking: 100 numblocked: 1 comptime: 477 currentTime: 77
Process0 cpudone: 178 cputime: 1300 ionext: 78 ioblocking: 100 numblocked: 1 comptime: 478 currentTime: 78
Process0 cpudone: 179 cputime: 1300 ionext: 79 ioblocking: 100 numblocked: 1 comptime: 479 currentTime: 79
Process0 cpudone: 180 cputime: 1300 ionext: 80 ioblocking: 100 numblocked: 1 comptime: 480 currentTime: 80
Process0 cpudone: 181 cputime: 1300 ionext: 81 ioblocking: 100 numblocked: 1 comptime: 481 currentTime: 81
Process0 cpudone: 182 cputime: 1300 ionext: 82 ioblocking: 100 numblocked: 1 comptime: 482 currentTime: 82
Process0 cpudone: 183 cputime: 1300 ionext: 83 ioblocking: 100 numblocked: 1 comptime: 483 currentTime: 83
Process0 cpudone: 184 cputime: 1300 ionext: 84 ioblocking: 100 numblocked: 1 comptime: 484 currentTime: 84
Process0 cpudone: 185 cputime: 1300 ionext: 85 ioblocking: 100 numblocked: 1 comptime: 485 currentTime: 85
Process0 cpudone: 186 cputime: 1300 ionext: 86 ioblocking: 100 numblocked: 1 comptime: 486 currentTime: 86
Process0 cpudone: 187 cputime: 1300 ionext: 87 ioblocking: 100 numblocked: 1 comptime: 487 currentTime: 87
Process0 cpudone: 188 cputime: 1300 ionext: 88 ioblocking: 100 numblocked: 1 comptime: 488 currentTime: 88
Process0 cpudone: 189 cputime: 1300 ionext: 89 ioblocking: 100 numblocked: 1 comptime: 489 currentTime: 89
Process0 cpudone: 190 cputime: 1300 ionext: 90 ioblocking: 100 numblocked: 1 comptime: 490 currentTime: 90
Process0 cpudone: 191 cputime: 1300 ionext: 91 ioblocking: 100 numblocked: 1 comptime: 491 currentTime: 91
Process0 cpudone: 192 cputime: 1300 ionext: 92 ioblocking: 100 numblocked: 1 comptime: 492 currentTime: 92
Process0 cpudone: 193 cputime: 1300 ionext: 93 ioblocking: 100 numblocked: 1 comptime: 493 currentTime: 93
Process0 cpudone: 194 cputime: 1300 ionext: 94 ioblocking: 100 numblocked: 1 comptime: 494 currentTime: 94
Process0 cpudone: 195 cputime: 1300 ionext: 95 ioblocking: 100 numblocked: 1 comptime: 495 currentTime: 95
Process0 cpudone: 196 cputime: 1300 ionext: 96 ioblocking: 100 numblocked: 1 comptime: 496 currentTime: 96
Process0 cpudone: 197 cputime: 1300 ionext: 97 ioblocking: 100 numblocked: 1 comptime: 497 currentTime: 97
Process0 cpudone: 198 cputime: 1300 ionext: 98 ioblocking: 100 numblocked: 1 comptime: 498 currentTime: 98
Process0 cpudone: 199 cputime: 1300 ionext: 99 ioblocking: 100 numblocked: 1 comptime: 499 currentTime: 99
Process0 cpudone: 200 cputime: 1300 ionext: 100 ioblocking: 100 numblocked: 1 comptime: 500 currentTime: 100
Process: 0 I/O blocked... (1300 100 200 500)
Process: 1 registered... (1300 400 150 500)
Process1 cpudone: 151 cputime: 1300 ionext: 151 ioblocking: 400 numblocked: 0 comptime: 501 currentTime: 1
Process1 cpudone: 152 cputime: 1300 ionext: 152 ioblocking: 400 numblocked: 0 comptime: 502 currentTime: 2
Process1 cpudone: 153 cputime: 1300 ionext: 153 ioblocking: 400 numblocked: 0 comptime: 503 currentTime: 3
Process1 cpudone: 154 cputime: 1300 ionext: 154 ioblocking: 400 numblocked: 0 comptime: 504 currentTime: 4
Process1 cpudone: 155 cputime: 1300 ionext: 155 ioblocking: 400 numblocked: 0 comptime: 505 currentTime: 5
Process1 cpudone: 156 cputime: 1300 ionext: 156 ioblocking: 400 numblocked: 0 comptime: 506 currentTime: 6
Process1 cpudone: 157 cputime: 1300 ionext: 157 ioblocking: 400 numblocked: 0 comptime: 507 currentTime: 7
Process1 cpudone: 158 cputime: 1300 ionext: 158 ioblocking: 400 numblocked: 0 comptime: 508 currentTime: 8
Process1 cpudone: 159 cputime: 1300 ionext: 159 ioblocking: 400 numblocked: 0 comptime: 509 currentTime: 9
Process1 cpudone: 160 cputime: 1300 ionext: 160 ioblocking: 400 numblocked: 0 comptime: 510 currentTime: 10
Process1 cpudone: 161 cputime: 1300 ionext: 161 ioblocking: 400 numblocked: 0 comptime: 511 currentTime: 11
Process1 cpudone: 162 cputime: 1300 ionext: 162 ioblocking: 400 numblocked: 0 comptime: 512 currentTime: 12
Process1 cpudone: 163 cputime: 1300 ionext: 163 ioblocking: 400 numblocked: 0 comptime: 513 currentTime: 13
Process1 cpudone: 164 cputime: 1300 ionext: 164 ioblocking: 400 numblocked: 0 comptime: 514 currentTime: 14
Process1 cpudone: 165 cputime: 1300 ionext: 165 ioblocking: 400 numblocked: 0 comptime: 515 currentTime: 15
Process1 cpudone: 166 cputime: 1300 ionext: 166 ioblocking: 400 numblocked: 0 comptime: 516 currentTime: 16
Process1 cpudone: 167 cputime: 1300 ionext: 167 ioblocking: 400 numblocked: 0 comptime: 517 currentTime: 17
Process1 cpudone: 168 cputime: 1300 ionext: 168 ioblocking: 400 numblocked: 0 comptime: 518 currentTime: 18
Process1 cpudone: 169 cputime: 1300 ionext: 169 ioblocking: 400 numblocked: 0 comptime: 519 currentTime: 19
Process1 cpudone: 170 cputime: 1300 ionext: 170 ioblocking: 400 numblocked: 0 comptime: 520 currentTime: 20
Process1 cpudone: 171 cputime: 1300 ionext: 171 ioblocking: 400 numblocked: 0 comptime: 521 currentTime: 21
Process1 cpudone: 172 cputime: 1300 ionext: 172 ioblocking: 400 numblocked: 0 comptime: 522 currentTime: 22
Process1 cpudone: 173 cputime: 1300 ionext: 173 ioblocking: 400 numblocked: 0 comptime: 523 currentTime: 23
Process1 cpudone: 174 cputime: 1300 ionext: 174 ioblocking: 400 numblocked: 0 comptime: 524 currentTime: 24
Process1 cpudone: 175 cputime: 1300 ionext: 175 ioblocking: 400 numblocked: 0 comptime: 525 currentTime: 25
Process1 cpudone: 176 cputime: 1300 ionext: 176 ioblocking: 400 numblocked: 0 comptime: 526 currentTime: 26
Process1 cpudone: 177 cputime: 1300 ionext: 177 ioblocking: 400 numblocked: 0 comptime: 527 currentTime: 27
Process1 cpudone: 178 cputime: 1300 ionext: 178 ioblocking: 400 numblocked: 0 comptime: 528 currentTime: 28
Process1 cpudone: 179 cputime: 1300 ionext: 179 ioblocking: 400 numblocked: 0 comptime: 529 currentTime: 29
Process1 cpudone: 180 cputime: 1300 ionext: 180 ioblocking: 400 numblocked: 0 comptime: 530 currentTime: 30
Process1 cpudone: 181 cputime: 1300 ionext: 181 ioblocking: 400 numblocked: 0 comptime: 531 currentTime: 31
Process1 cpudone: 182 cputime: 1300 ionext: 182 ioblocking: 400 numblocked: 0 comptime: 532 currentTime: 32
Process1 cpudone: 183 cputime: 1300 ionext: 183 ioblocking: 400 numblocked: 0 comptime: 533 currentTime: 33
Process1 cpudone: 184 cputime: 1300 ionext: 184 ioblocking: 400 numblocked: 0 comptime: 534 currentTime: 34
Process1 cpudone: 185 cputime: 1300 ionext: 185 ioblocking: 400 numblocked: 0 comptime: 535 currentTime: 35
Process1 cpudone: 186 cputime: 1300 ionext: 186 ioblocking: 400 numblocked: 0 comptime: 536 currentTime: 36
Process1 cpudone: 187 cputime: 1300 ionext: 187 ioblocking: 400 numblocked: 0 comptime: 537 currentTime: 37
Process1 cpudone: 188 cputime: 1300 ionext: 188 ioblocking: 400 numblocked: 0 comptime: 538 currentTime: 38
Process1 cpudone: 189 cputime: 1300 ionext: 189 ioblocking: 400 numblocked: 0 comptime: 539 currentTime: 39
Process1 cpudone: 190 cputime: 1300 ionext: 190 ioblocking: 400 numblocked: 0 comptime: 540 currentTime: 40
Process1 cpudone: 191 cputime: 1300 ionext: 191 ioblocking: 400 numblocked: 0 comptime: 541 currentTime: 41
Process1 cpudone: 192 cputime: 1300 ionext: 192 ioblocking: 400 numblocked: 0 comptime: 542 currentTime: 42
Process1 cpudone: 193 cputime: 1300 ionext: 193 ioblocking: 400 numblocked: 0 comptime: 543 currentTime: 43
Process1 cpudone: 194 cputime: 1300 ionext: 194 ioblocking: 400 numblocked: 0 comptime: 544 currentTime: 44
Process1 cpudone: 195 cputime: 1300 ionext: 195 ioblocking: 400 numblocked: 0 comptime: 545 currentTime: 45
Process1 cpudone: 196 cputime: 1300 ionext: 196 ioblocking: 400 numblocked: 0 comptime: 546 currentTime: 46
Process1 cpudone: 197 cputime: 1300 ionext: 197 ioblocking: 400 numblocked: 0 comptime: 547 currentTime: 47
Process1 cpudone: 198 cputime: 1300 ionext: 198 ioblocking: 400 numblocked: 0 comptime: 548 currentTime: 48
Process1 cpudone: 199 cputime: 1300 ionext: 199 ioblocking: 400 numblocked: 0 comptime: 549 currentTime: 49
Process1 cpudone: 200 cputime: 1300 ionext: 200 ioblocking: 400 numblocked: 0 comptime: 550 currentTime: 50
Process1 cpudone: 201 cputime: 1300 ionext: 201 ioblocking: 400 numblocked: 0 comptime: 551 currentTime: 51
Process1 cpudone: 202 cputime: 1300 ionext: 202 ioblocking: 400 numblocked: 0 comptime: 552 currentTime: 52
Process1 cpudone: 203 cputime: 1300 ionext: 203 ioblocking: 400 numblocked: 0 comptime: 553 currentTime: 53
Process1 cpudone: 204 cputime: 1300 ionext: 204 ioblocking: 400 numblocked: 0 comptime: 554 currentTime: 54
Process1 cpudone: 205 cputime: 1300 ionext: 205 ioblocking: 400 numblocked: 0 comptime: 555 currentTime: 55
Process1 cpudone: 206 cputime: 1300 ionext: 206 ioblocking: 400 numblocked: 0 comptime: 556 currentTime: 56
Process1 cpudone: 207 cputime: 1300 ionext: 207 ioblocking: 400 numblocked: 0 comptime: 557 currentTime: 57
Process1 cpudone: 208 cputime: 1300 ionext: 208 ioblocking: 400 numblocked: 0 comptime: 558 currentTime: 58
Process1 cpudone: 209 cputime: 1300 ionext: 209 ioblocking: 400 numblocked: 0 comptime: 559 currentTime: 59
Process1 cpudone: 210 cputime: 1300 ionext: 210 ioblocking: 400 numblocked: 0 comptime: 560 currentTime: 60
Process1 cpudone: 211 cputime: 1300 ionext: 211 ioblocking: 400 numblocked: 0 comptime: 561 currentTime: 61
Process1 cpudone: 212 cputime: 1300 ionext: 212 ioblocking: 400 numblocked: 0 comptime: 562 currentTime: 62
Process1 cpudone: 213 cputime: 1300 ionext: 213 ioblocking: 400 numblocked: 0 comptime: 563 currentTime: 63
Process1 cpudone: 214 cputime: 1300 ionext: 214 ioblocking: 400 numblocked: 0 comptime: 564 currentTime: 64
Process1 cpudone: 215 cputime: 1300 ionext: 215 ioblocking: 400 numblocked: 0 comptime: 565 currentTime: 65
Process1 cpudone: 216 cputime: 1300 ionext: 216 ioblocking: 400 numblocked: 0 comptime: 566 currentTime: 66
Process1 cpudone: 217 cputime: 1300 ionext: 217 ioblocking: 400 numblocked: 0 comptime: 567 currentTime: 67
Process1 cpudone: 218 cputime: 1300 ionext: 218 ioblocking: 400 numblocked: 0 comptime: 568 currentTime: 68
Process1 cpudone: 219 cputime: 1300 ionext: 219 ioblocking: 400 numblocked: 0 comptime: 569 currentTime: 69
Process1 cpudone: 220 cputime: 1300 ionext: 220 ioblocking: 400 numblocked: 0 comptime: 570 currentTime: 70
Process1 cpudone: 221 cputime: 1300 ionext: 221 ioblocking: 400 numblocked: 0 comptime: 571 currentTime: 71
Process1 cpudone: 222 cputime: 1300 ionext: 222 ioblocking: 400 numblocked: 0 comptime: 572 currentTime: 72
Process1 cpudone: 223 cputime: 1300 ionext: 223 ioblocking: 400 numblocked: 0 comptime: 573 currentTime: 73
Process1 cpudone: 224 cputime: 1300 ionext: 224 ioblocking: 400 numblocked: 0 comptime: 574 currentTime: 74
Process1 cpudone: 225 cputime: 1300 ionext: 225 ioblocking: 400 numblocked: 0 comptime: 575 currentTime: 75
Process1 cpudone: 226 cputime: 1300 ionext: 226 ioblocking: 400 numblocked: 0 comptime: 576 currentTime: 76
Process1 cpudone: 227 cputime: 1300 ionext: 227 ioblocking: 400 numblocked: 0 comptime: 577 currentTime: 77
Process1 cpudone: 228 cputime: 1300 ionext: 228 ioblocking: 400 numblocked: 0 comptime: 578 currentTime: 78
Process1 cpudone: 229 cputime: 1300 ionext: 229 ioblocking: 400 numblocked: 0 comptime: 579 currentTime: 79
Process1 cpudone: 230 cputime: 1300 ionext: 230 ioblocking: 400 numblocked: 0 comptime: 580 currentTime: 80
Process1 cpudone: 231 cputime: 1300 ionext: 231 ioblocking: 400 numblocked: 0 comptime: 581 currentTime: 81
Process1 cpudone: 232 cputime: 1300 ionext: 232 ioblocking: 400 numblocked: 0 comptime: 582 currentTime: 82
Process1 cpudone: 233 cputime: 1300 ionext: 233 ioblocking: 400 numblocked: 0 comptime: 583 currentTime: 83
Process1 cpudone: 234 cputime: 1300 ionext: 234 ioblocking: 400 numblocked: 0 comptime: 584 currentTime: 84
Process1 cpudone: 235 cputime: 1300 ionext: 235 ioblocking: 400 numblocked: 0 comptime: 585 currentTime: 85
Process1 cpudone: 236 cputime: 1300 ionext: 236 ioblocking: 400 numblocked: 0 comptime: 586 currentTime: 86
Process1 cpudone: 237 cputime: 1300 ionext: 237 ioblocking: 400 numblocked: 0 comptime: 587 currentTime: 87
Process1 cpudone: 238 cputime: 1300 ionext: 238 ioblocking: 400 numblocked: 0 comptime: 588 currentTime: 88
Process1 cpudone: 239 cputime: 1300 ionext: 239 ioblocking: 400 numblocked: 0 comptime: 589 currentTime: 89
Process1 cpudone: 240 cputime: 1300 ionext: 240 ioblocking: 400 numblocked: 0 comptime: 590 currentTime: 90
Process1 cpudone: 241 cputime: 1300 ionext: 241 ioblocking: 400 numblocked: 0 comptime: 591 currentTime: 91
Process1 cpudone: 242 cputime: 1300 ionext: 242 ioblocking: 400 numblocked: 0 comptime: 592 currentTime: 92
Process1 cpudone: 243 cputime: 1300 ionext: 243 ioblocking: 400 numblocked: 0 comptime: 593 currentTime: 93
Process1 cpudone: 244 cputime: 1300 ionext: 244 ioblocking: 400 numblocked: 0 comptime: 594 currentTime: 94
Process1 cpudone: 245 cputime: 1300 ionext: 245 ioblocking: 400 numblocked: 0 comptime: 595 currentTime: 95
Process1 cpudone: 246 cputime: 1300 ionext: 246 ioblocking: 400 numblocked: 0 comptime: 596 currentTime: 96
Process1 cpudone: 247 cputime: 1300 ionext: 247 ioblocking: 400 numblocked: 0 comptime: 597 currentTime: 97
Process1 cpudone: 248 cputime: 1300 ionext: 248 ioblocking: 400 numblocked: 0 comptime: 598 currentTime: 98
Process1 cpudone: 249 cputime: 1300 ionext: 249 ioblocking: 400 numblocked: 0 comptime: 599 currentTime: 99
Process1 cpudone: 250 cputime: 1300 ionext: 250 ioblocking: 400 numblocked: 0 comptime: 600 currentTime: 100
Process1 cpudone: 251 cputime: 1300 ionext: 251 ioblocking: 400 numblocked: 0 comptime: 601 currentTime: 101
Process1 cpudone: 252 cputime: 1300 ionext: 252 ioblocking: 400 numblocked: 0 comptime: 602 currentTime: 102
Process1 cpudone: 253 cputime: 1300 ionext: 253 ioblocking: 400 numblocked: 0 comptime: 603 currentTime: 103
Process1 cpudone: 254 cputime: 1300 ionext: 254 ioblocking: 400 numblocked: 0 comptime: 604 currentTime: 104
Process1 cpudone: 255 cputime: 1300 ionext: 255 ioblocking: 400 numblocked: 0 comptime: 605 currentTime: 105
Process1 cpudone: 256 cputime: 1300 ionext: 256 ioblocking: 400 numblocked: 0 comptime: 606 currentTime: 106
Process1 cpudone: 257 cputime: 1300 ionext: 257 ioblocking: 400 numblocked: 0 comptime: 607 currentTime: 107
Process1 cpudone: 258 cputime: 1300 ionext: 258 ioblocking: 400 numblocked: 0 comptime: 608 currentTime: 108
Process1 cpudone: 259 cputime: 1300 ionext: 259 ioblocking: 400 numblocked: 0 comptime: 609 currentTime: 109
Process1 cpudone: 260 cputime: 1300 ionext: 260 ioblocking: 400 numblocked: 0 comptime: 610 currentTime: 110
Process1 cpudone: 261 cputime: 1300 ionext: 261 ioblocking: 400 numblocked: 0 comptime: 611 currentTime: 111
Process1 cpudone: 262 cputime: 1300 ionext: 262 ioblocking: 400 numblocked: 0 comptime: 612 currentTime: 112
Process1 cpudone: 263 cputime: 1300 ionext: 263 ioblocking: 400 numblocked: 0 comptime: 613 currentTime: 113
Process1 cpudone: 264 cputime: 1300 ionext: 264 ioblocking: 400 numblocked: 0 comptime: 614 currentTime: 114
Process1 cpudone: 265 cputime: 1300 ionext: 265 ioblocking: 400 numblocked: 0 comptime: 615 currentTime: 115
Process1 cpudone: 266 cputime: 1300 ionext: 266 ioblocking: 400 numblocked: 0 comptime: 616 currentTime: 116
Process1 cpudone: 267 cputime: 1300 ionext: 267 ioblocking: 400 numblocked: 0 comptime: 617 currentTime: 117
Process1 cpudone: 268 cputime: 1300 ionext: 268 ioblocking: 400 numblocked: 0 comptime: 618 currentTime: 118
Process1 cpudone: 269 cputime: 1300 ionext: 269 ioblocking: 400 numblocked: 0 comptime: 619 currentTime: 119
Process1 cpudone: 270 cputime: 1300 ionext: 270 ioblocking: 400 numblocked: 0 comptime: 620 currentTime: 120
Process1 cpudone: 271 cputime: 1300 ionext: 271 ioblocking: 400 numblocked: 0 comptime: 621 currentTime: 121
Process1 cpudone: 272 cputime: 1300 ionext: 272 ioblocking: 400 numblocked: 0 comptime: 622 currentTime: 122
Process1 cpudone: 273 cputime: 1300 ionext: 273 ioblocking: 400 numblocked: 0 comptime: 623 currentTime: 123
Process1 cpudone: 274 cputime: 1300 ionext: 274 ioblocking: 400 numblocked: 0 comptime: 624 currentTime: 124
Process1 cpudone: 275 cputime: 1300 ionext: 275 ioblocking: 400 numblocked: 0 comptime: 625 currentTime: 125
Process1 cpudone: 276 cputime: 1300 ionext: 276 ioblocking: 400 numblocked: 0 comptime: 626 currentTime: 126
Process1 cpudone: 277 cputime: 1300 ionext: 277 ioblocking: 400 numblocked: 0 comptime: 627 currentTime: 127
Process1 cpudone: 278 cputime: 1300 ionext: 278 ioblocking: 400 numblocked: 0 comptime: 628 currentTime: 128
Process1 cpudone: 279 cputime: 1300 ionext: 279 ioblocking: 400 numblocked: 0 comptime: 629 currentTime: 129
Process1 cpudone: 280 cputime: 1300 ionext: 280 ioblocking: 400 numblocked: 0 comptime: 630 currentTime: 130
Process1 cpudone: 281 cputime: 1300 ionext: 281 ioblocking: 400 numblocked: 0 comptime: 631 currentTime: 131
Process1 cpudone: 282 cputime: 1300 ionext: 282 ioblocking: 400 numblocked: 0 comptime: 632 currentTime: 132
Process1 cpudone: 283 cputime: 1300 ionext: 283 ioblocking: 400 numblocked: 0 comptime: 633 currentTime: 133
Process1 cpudone: 284 cputime: 1300 ionext: 284 ioblocking: 400 numblocked: 0 comptime: 634 currentTime: 134
Process1 cpudone: 285 cputime: 1300 ionext: 285 ioblocking: 400 numblocked: 0 comptime: 635 currentTime: 135
Process1 cpudone: 286 cputime: 1300 ionext: 286 ioblocking: 400 numblocked: 0 comptime: 636 currentTime: 136
Process1 cpudone: 287 cputime: 1300 ionext: 287 ioblocking: 400 numblocked: 0 comptime: 637 currentTime: 137
Process1 cpudone: 288 cputime: 1300 ionext: 288 ioblocking: 400 numblocked: 0 comptime: 638 currentTime: 138
Process1 cpudone: 289 cputime: 1300 ionext: 289 ioblocking: 400 numblocked: 0 comptime: 639 currentTime: 139
Process1 cpudone: 290 cputime: 1300 ionext: 290 ioblocking: 400 numblocked: 0 comptime: 640 currentTime: 140
Process1 cpudone: 291 cputime: 1300 ionext: 291 ioblocking: 400 numblocked: 0 comptime: 641 currentTime: 141
Process1 cpudone: 292 cputime: 1300 ionext: 292 ioblocking: 400 numblocked: 0 comptime: 642 currentTime: 142
Process1 cpudone: 293 cputime: 1300 ionext: 293 ioblocking: 400 numblocked: 0 comptime: 643 currentTime: 143
Process1 cpudone: 294 cputime: 1300 ionext: 294 ioblocking: 400 numblocked: 0 comptime: 644 currentTime: 144
Process1 cpudone: 295 cputime: 1300 ionext: 295 ioblocking: 400 numblocked: 0 comptime: 645 currentTime: 145
Process1 cpudone: 296 cputime: 1300 ionext: 296 ioblocking: 400 numblocked: 0 comptime: 646 currentTime: 146
Process1 cpudone: 297 cputime: 1300 ionext: 297 ioblocking: 400 numblocked: 0 comptime: 647 currentTime: 147
Process1 cpudone: 298 cputime: 1300 ionext: 298 ioblocking: 400 numblocked: 0 comptime: 648 currentTime: 148
Process1 cpudone: 299 cputime: 1300 ionext: 299 ioblocking: 400 numblocked: 0 comptime: 649 currentTime: 149
Process1 cpudone: 300 cputime: 1300 ionext: 300 ioblocking: 400 numblocked: 0 comptime: 650 currentTime: 150
Process: 2 registered... (1300 350 150 650)
Process2 cpudone: 151 cputime: 1300 ionext: 151 ioblocking: 350 numblocked: 0 comptime: 651 currentTime: 1
Process2 cpudone: 152 cputime: 1300 ionext: 152 ioblocking: 350 numblocked: 0 comptime: 652 currentTime: 2
Process2 cpudone: 153 cputime: 1300 ionext: 153 ioblocking: 350 numblocked: 0 comptime: 653 currentTime: 3
Process2 cpudone: 154 cputime: 1300 ionext: 154 ioblocking: 350 numblocked: 0 comptime: 654 currentTime: 4
Process2 cpudone: 155 cputime: 1300 ionext: 155 ioblocking: 350 numblocked: 0 comptime: 655 currentTime: 5
Process2 cpudone: 156 cputime: 1300 ionext: 156 ioblocking: 350 numblocked: 0 comptime: 656 currentTime: 6
Process2 cpudone: 157 cputime: 1300 ionext: 157 ioblocking: 350 numblocked: 0 comptime: 657 currentTime: 7
Process2 cpudone: 158 cputime: 1300 ionext: 158 ioblocking: 350 numblocked: 0 comptime: 658 currentTime: 8
Process2 cpudone: 159 cputime: 1300 ionext: 159 ioblocking: 350 numblocked: 0 comptime: 659 currentTime: 9
Process2 cpudone: 160 cputime: 1300 ionext: 160 ioblocking: 350 numblocked: 0 comptime: 660 currentTime: 10
Process2 cpudone: 161 cputime: 1300 ionext: 161 ioblocking: 350 numblocked: 0 comptime: 661 currentTime: 11
Process2 cpudone: 162 cputime: 1300 ionext: 162 ioblocking: 350 numblocked: 0 comptime: 662 currentTime: 12
Process2 cpudone: 163 cputime: 1300 ionext: 163 ioblocking: 350 numblocked: 0 comptime: 663 currentTime: 13
Process2 cpudone: 164 cputime: 1300 ionext: 164 ioblocking: 350 numblocked: 0 comptime: 664 currentTime: 14
Process2 cpudone: 165 cputime: 1300 ionext: 165 ioblocking: 350 numblocked: 0 comptime: 665 currentTime: 15
Process2 cpudone: 166 cputime: 1300 ionext: 166 ioblocking: 350 numblocked: 0 comptime: 666 currentTime: 16
Process2 cpudone: 167 cputime: 1300 ionext: 167 ioblocking: 350 numblocked: 0 comptime: 667 currentTime: 17
Process2 cpudone: 168 cputime: 1300 ionext: 168 ioblocking: 350 numblocked: 0 comptime: 668 currentTime: 18
Process2 cpudone: 169 cputime: 1300 ionext: 169 ioblocking: 350 numblocked: 0 comptime: 669 currentTime: 19
Process2 cpudone: 170 cputime: 1300 ionext: 170 ioblocking: 350 numblocked: 0 comptime: 670 currentTime: 20
Process2 cpudone: 171 cputime: 1300 ionext: 171 ioblocking: 350 numblocked: 0 comptime: 671 currentTime: 21
Process2 cpudone: 172 cputime: 1300 ionext: 172 ioblocking: 350 numblocked: 0 comptime: 672 currentTime: 22
Process2 cpudone: 173 cputime: 1300 ionext: 173 ioblocking: 350 numblocked: 0 comptime: 673 currentTime: 23
Process2 cpudone: 174 cputime: 1300 ionext: 174 ioblocking: 350 numblocked: 0 comptime: 674 currentTime: 24
Process2 cpudone: 175 cputime: 1300 ionext: 175 ioblocking: 350 numblocked: 0 comptime: 675 currentTime: 25
Process2 cpudone: 176 cputime: 1300 ionext: 176 ioblocking: 350 numblocked: 0 comptime: 676 currentTime: 26
Process2 cpudone: 177 cputime: 1300 ionext: 177 ioblocking: 350 numblocked: 0 comptime: 677 currentTime: 27
Process2 cpudone: 178 cputime: 1300 ionext: 178 ioblocking: 350 numblocked: 0 comptime: 678 currentTime: 28
Process2 cpudone: 179 cputime: 1300 ionext: 179 ioblocking: 350 numblocked: 0 comptime: 679 currentTime: 29
Process2 cpudone: 180 cputime: 1300 ionext: 180 ioblocking: 350 numblocked: 0 comptime: 680 currentTime: 30
Process2 cpudone: 181 cputime: 1300 ionext: 181 ioblocking: 350 numblocked: 0 comptime: 681 currentTime: 31
Process2 cpudone: 182 cputime: 1300 ionext: 182 ioblocking: 350 numblocked: 0 comptime: 682 currentTime: 32
Process2 cpudone: 183 cputime: 1300 ionext: 183 ioblocking: 350 numblocked: 0 comptime: 683 currentTime: 33
Process2 cpudone: 184 cputime: 1300 ionext: 184 ioblocking: 350 numblocked: 0 comptime: 684 currentTime: 34
Process2 cpudone: 185 cputime: 1300 ionext: 185 ioblocking: 350 numblocked: 0 comptime: 685 currentTime: 35
Process2 cpudone: 186 cputime: 1300 ionext: 186 ioblocking: 350 numblocked: 0 comptime: 686 currentTime: 36
Process2 cpudone: 187 cputime: 1300 ionext: 187 ioblocking: 350 numblocked: 0 comptime: 687 currentTime: 37
Process2 cpudone: 188 cputime: 1300 ionext: 188 ioblocking: 350 numblocked: 0 comptime: 688 currentTime: 38
Process2 cpudone: 189 cputime: 1300 ionext: 189 ioblocking: 350 numblocked: 0 comptime: 689 currentTime: 39
Process2 cpudone: 190 cputime: 1300 ionext: 190 ioblocking: 350 numblocked: 0 comptime: 690 currentTime: 40
Process2 cpudone: 191 cputime: 1300 ionext: 191 ioblocking: 350 numblocked: 0 comptime: 691 currentTime: 41
Process2 cpudone: 192 cputime: 1300 ionext: 192 ioblocking: 350 numblocked: 0 comptime: 692 currentTime: 42
Process2 cpudone: 193 cputime: 1300 ionext: 193 ioblocking: 350 numblocked: 0 comptime: 693 currentTime: 43
Process2 cpudone: 194 cputime: 1300 ionext: 194 ioblocking: 350 numblocked: 0 comptime: 694 currentTime: 44
Process2 cpudone: 195 cputime: 1300 ionext: 195 ioblocking: 350 numblocked: 0 comptime: 695 currentTime: 45
Process2 cpudone: 196 cputime: 1300 ionext: 196 ioblocking: 350 numblocked: 0 comptime: 696 currentTime: 46
Process2 cpudone: 197 cputime: 1300 ionext: 197 ioblocking: 350 numblocked: 0 comptime: 697 currentTime: 47
Process2 cpudone: 198 cputime: 1300 ionext: 198 ioblocking: 350 numblocked: 0 comptime: 698 currentTime: 48
Process2 cpudone: 199 cputime: 1300 ionext: 199 ioblocking: 350 numblocked: 0 comptime: 699 currentTime: 49
Process2 cpudone: 200 cputime: 1300 ionext: 200 ioblocking: 350 numblocked: 0 comptime: 700 currentTime: 50
Process2 cpudone: 201 cputime: 1300 ionext: 201 ioblocking: 350 numblocked: 0 comptime: 701 currentTime: 51
Process2 cpudone: 202 cputime: 1300 ionext: 202 ioblocking: 350 numblocked: 0 comptime: 702 currentTime: 52
Process2 cpudone: 203 cputime: 1300 ionext: 203 ioblocking: 350 numblocked: 0 comptime: 703 currentTime: 53
Process2 cpudone: 204 cputime: 1300 ionext: 204 ioblocking: 350 numblocked: 0 comptime: 704 currentTime: 54
Process2 cpudone: 205 cputime: 1300 ionext: 205 ioblocking: 350 numblocked: 0 comptime: 705 currentTime: 55
Process2 cpudone: 206 cputime: 1300 ionext: 206 ioblocking: 350 numblocked: 0 comptime: 706 currentTime: 56
Process2 cpudone: 207 cputime: 1300 ionext: 207 ioblocking: 350 numblocked: 0 comptime: 707 currentTime: 57
Process2 cpudone: 208 cputime: 1300 ionext: 208 ioblocking: 350 numblocked: 0 comptime: 708 currentTime: 58
Process2 cpudone: 209 cputime: 1300 ionext: 209 ioblocking: 350 numblocked: 0 comptime: 709 currentTime: 59
Process2 cpudone: 210 cputime: 1300 ionext: 210 ioblocking: 350 numblocked: 0 comptime: 710 currentTime: 60
Process2 cpudone: 211 cputime: 1300 ionext: 211 ioblocking: 350 numblocked: 0 comptime: 711 currentTime: 61
Process2 cpudone: 212 cputime: 1300 ionext: 212 ioblocking: 350 numblocked: 0 comptime: 712 currentTime: 62
Process2 cpudone: 213 cputime: 1300 ionext: 213 ioblocking: 350 numblocked: 0 comptime: 713 currentTime: 63
Process2 cpudone: 214 cputime: 1300 ionext: 214 ioblocking: 350 numblocked: 0 comptime: 714 currentTime: 64
Process2 cpudone: 215 cputime: 1300 ionext: 215 ioblocking: 350 numblocked: 0 comptime: 715 currentTime: 65
Process2 cpudone: 216 cputime: 1300 ionext: 216 ioblocking: 350 numblocked: 0 comptime: 716 currentTime: 66
Process2 cpudone: 217 cputime: 1300 ionext: 217 ioblocking: 350 numblocked: 0 comptime: 717 currentTime: 67
Process2 cpudone: 218 cputime: 1300 ionext: 218 ioblocking: 350 numblocked: 0 comptime: 718 currentTime: 68
Process2 cpudone: 219 cputime: 1300 ionext: 219 ioblocking: 350 numblocked: 0 comptime: 719 currentTime: 69
Process2 cpudone: 220 cputime: 1300 ionext: 220 ioblocking: 350 numblocked: 0 comptime: 720 currentTime: 70
Process2 cpudone: 221 cputime: 1300 ionext: 221 ioblocking: 350 numblocked: 0 comptime: 721 currentTime: 71
Process2 cpudone: 222 cputime: 1300 ionext: 222 ioblocking: 350 numblocked: 0 comptime: 722 currentTime: 72
Process2 cpudone: 223 cputime: 1300 ionext: 223 ioblocking: 350 numblocked: 0 comptime: 723 currentTime: 73
Process2 cpudone: 224 cputime: 1300 ionext: 224 ioblocking: 350 numblocked: 0 comptime: 724 currentTime: 74
Process2 cpudone: 225 cputime: 1300 ionext: 225 ioblocking: 350 numblocked: 0 comptime: 725 currentTime: 75
Process2 cpudone: 226 cputime: 1300 ionext: 226 ioblocking: 350 numblocked: 0 comptime: 726 currentTime: 76
Process2 cpudone: 227 cputime: 1300 ionext: 227 ioblocking: 350 numblocked: 0 comptime: 727 currentTime: 77
Process2 cpudone: 228 cputime: 1300 ionext: 228 ioblocking: 350 numblocked: 0 comptime: 728 currentTime: 78
Process2 cpudone: 229 cputime: 1300 ionext: 229 ioblocking: 350 numblocked: 0 comptime: 729 currentTime: 79
Process2 cpudone: 230 cputime: 1300 ionext: 230 ioblocking: 350 numblocked: 0 comptime: 730 currentTime: 80
Process2 cpudone: 231 cputime: 1300 ionext: 231 ioblocking: 350 numblocked: 0 comptime: 731 currentTime: 81
Process2 cpudone: 232 cputime: 1300 ionext: 232 ioblocking: 350 numblocked: 0 comptime: 732 currentTime: 82
Process2 cpudone: 233 cputime: 1300 ionext: 233 ioblocking: 350 numblocked: 0 comptime: 733 currentTime: 83
Process2 cpudone: 234 cputime: 1300 ionext: 234 ioblocking: 350 numblocked: 0 comptime: 734 currentTime: 84
Process2 cpudone: 235 cputime: 1300 ionext: 235 ioblocking: 350 numblocked: 0 comptime: 735 currentTime: 85
Process2 cpudone: 236 cputime: 1300 ionext: 236 ioblocking: 350 numblocked: 0 comptime: 736 currentTime: 86
Process2 cpudone: 237 cputime: 1300 ionext: 237 ioblocking: 350 numblocked: 0 comptime: 737 currentTime: 87
Process2 cpudone: 238 cputime: 1300 ionext: 238 ioblocking: 350 numblocked: 0 comptime: 738 currentTime: 88
Process2 cpudone: 239 cputime: 1300 ionext: 239 ioblocking: 350 numblocked: 0 comptime: 739 currentTime: 89
Process2 cpudone: 240 cputime: 1300 ionext: 240 ioblocking: 350 numblocked: 0 comptime: 740 currentTime: 90
Process2 cpudone: 241 cputime: 1300 ionext: 241 ioblocking: 350 numblocked: 0 comptime: 741 currentTime: 91
Process2 cpudone: 242 cputime: 1300 ionext: 242 ioblocking: 350 numblocked: 0 comptime: 742 currentTime: 92
Process2 cpudone: 243 cputime: 1300 ionext: 243 ioblocking: 350 numblocked: 0 comptime: 743 currentTime: 93
Process2 cpudone: 244 cputime: 1300 ionext: 244 ioblocking: 350 numblocked: 0 comptime: 744 currentTime: 94
Process2 cpudone: 245 cputime: 1300 ionext: 245 ioblocking: 350 numblocked: 0 comptime: 745 currentTime: 95
Process2 cpudone: 246 cputime: 1300 ionext: 246 ioblocking: 350 numblocked: 0 comptime: 746 currentTime: 96
Process2 cpudone: 247 cputime: 1300 ionext: 247 ioblocking: 350 numblocked: 0 comptime: 747 currentTime: 97
Process2 cpudone: 248 cputime: 1300 ionext: 248 ioblocking: 350 numblocked: 0 comptime: 748 currentTime: 98
Process2 cpudone: 249 cputime: 1300 ionext: 249 ioblocking: 350 numblocked: 0 comptime: 749 currentTime: 99
Process2 cpudone: 250 cputime: 1300 ionext: 250 ioblocking: 350 numblocked: 0 comptime: 750 currentTime: 100
Process2 cpudone: 251 cputime: 1300 ionext: 251 ioblocking: 350 numblocked: 0 comptime: 751 currentTime: 101
Process2 cpudone: 252 cputime: 1300 ionext: 252 ioblocking: 350 numblocked: 0 comptime: 752 currentTime: 102
Process2 cpudone: 253 cputime: 1300 ionext: 253 ioblocking: 350 numblocked: 0 comptime: 753 currentTime: 103
Process2 cpudone: 254 cputime: 1300 ionext: 254 ioblocking: 350 numblocked: 0 comptime: 754 currentTime: 104
Process2 cpudone: 255 cputime: 1300 ionext: 255 ioblocking: 350 numblocked: 0 comptime: 755 currentTime: 105
Process2 cpudone: 256 cputime: 1300 ionext: 256 ioblocking: 350 numblocked: 0 comptime: 756 currentTime: 106
Process2 cpudone: 257 cputime: 1300 ionext: 257 ioblocking: 350 numblocked: 0 comptime: 757 currentTime: 107
Process2 cpudone: 258 cputime: 1300 ionext: 258 ioblocking: 350 numblocked: 0 comptime: 758 currentTime: 108
Process2 cpudone: 259 cputime: 1300 ionext: 259 ioblocking: 350 numblocked: 0 comptime: 759 currentTime: 109
Process2 cpudone: 260 cputime: 1300 ionext: 260 ioblocking: 350 numblocked: 0 comptime: 760 currentTime: 110
Process2 cpudone: 261 cputime: 1300 ionext: 261 ioblocking: 350 numblocked: 0 comptime: 761 currentTime: 111
Process2 cpudone: 262 cputime: 1300 ionext: 262 ioblocking: 350 numblocked: 0 comptime: 762 currentTime: 112
Process2 cpudone: 263 cputime: 1300 ionext: 263 ioblocking: 350 numblocked: 0 comptime: 763 currentTime: 113
Process2 cpudone: 264 cputime: 1300 ionext: 264 ioblocking: 350 numblocked: 0 comptime: 764 currentTime: 114
Process2 cpudone: 265 cputime: 1300 ionext: 265 ioblocking: 350 numblocked: 0 comptime: 765 currentTime: 115
Process2 cpudone: 266 cputime: 1300 ionext: 266 ioblocking: 350 numblocked: 0 comptime: 766 currentTime: 116
Process2 cpudone: 267 cputime: 1300 ionext: 267 ioblocking: 350 numblocked: 0 comptime: 767 currentTime: 117
Process2 cpudone: 268 cputime: 1300 ionext: 268 ioblocking: 350 numblocked: 0 comptime: 768 currentTime: 118
Process2 cpudone: 269 cputime: 1300 ionext: 269 ioblocking: 350 numblocked: 0 comptime: 769 currentTime: 119
Process2 cpudone: 270 cputime: 1300 ionext: 270 ioblocking: 350 numblocked: 0 comptime: 770 currentTime: 120
Process2 cpudone: 271 cputime: 1300 ionext: 271 ioblocking: 350 numblocked: 0 comptime: 771 currentTime: 121
Process2 cpudone: 272 cputime: 1300 ionext: 272 ioblocking: 350 numblocked: 0 comptime: 772 currentTime: 122
Process2 cpudone: 273 cputime: 1300 ionext: 273 ioblocking: 350 numblocked: 0 comptime: 773 currentTime: 123
Process2 cpudone: 274 cputime: 1300 ionext: 274 ioblocking: 350 numblocked: 0 comptime: 774 currentTime: 124
Process2 cpudone: 275 cputime: 1300 ionext: 275 ioblocking: 350 numblocked: 0 comptime: 775 currentTime: 125
Process2 cpudone: 276 cputime: 1300 ionext: 276 ioblocking: 350 numblocked: 0 comptime: 776 currentTime: 126
Process2 cpudone: 277 cputime: 1300 ionext: 277 ioblocking: 350 numblocked: 0 comptime: 777 currentTime: 127
Process2 cpudone: 278 cputime: 1300 ionext: 278 ioblocking: 350 numblocked: 0 comptime: 778 currentTime: 128
Process2 cpudone: 279 cputime: 1300 ionext: 279 ioblocking: 350 numblocked: 0 comptime: 779 currentTime: 129
Process2 cpudone: 280 cputime: 1300 ionext: 280 ioblocking: 350 numblocked: 0 comptime: 780 currentTime: 130
Process2 cpudone: 281 cputime: 1300 ionext: 281 ioblocking: 350 numblocked: 0 comptime: 781 currentTime: 131
Process2 cpudone: 282 cputime: 1300 ionext: 282 ioblocking: 350 numblocked: 0 comptime: 782 currentTime: 132
Process2 cpudone: 283 cputime: 1300 ionext: 283 ioblocking: 350 numblocked: 0 comptime: 783 currentTime: 133
Process2 cpudone: 284 cputime: 1300 ionext: 284 ioblocking: 350 numblocked: 0 comptime: 784 currentTime: 134
Process2 cpudone: 285 cputime: 1300 ionext: 285 ioblocking: 350 numblocked: 0 comptime: 785 currentTime: 135
Process2 cpudone: 286 cputime: 1300 ionext: 286 ioblocking: 350 numblocked: 0 comptime: 786 currentTime: 136
Process2 cpudone: 287 cputime: 1300 ionext: 287 ioblocking: 350 numblocked: 0 comptime: 787 currentTime: 137
Process2 cpudone: 288 cputime: 1300 ionext: 288 ioblocking: 350 numblocked: 0 comptime: 788 currentTime: 138
Process2 cpudone: 289 cputime: 1300 ionext: 289 ioblocking: 350 numblocked: 0 comptime: 789 currentTime: 139
Process2 cpudone: 290 cputime: 1300 ionext: 290 ioblocking: 350 numblocked: 0 comptime: 790 currentTime: 140
Process2 cpudone: 291 cputime: 1300 ionext: 291 ioblocking: 350 numblocked: 0 comptime: 791 currentTime: 141
Process2 cpudone: 292 cputime: 1300 ionext: 292 ioblocking: 350 numblocked: 0 comptime: 792 currentTime: 142
Process2 cpudone: 293 cputime: 1300 ionext: 293 ioblocking: 350 numblocked: 0 comptime: 793 currentTime: 143
Process2 cpudone: 294 cputime: 1300 ionext: 294 ioblocking: 350 numblocked: 0 comptime: 794 currentTime: 144
Process2 cpudone: 295 cputime: 1300 ionext: 295 ioblocking: 350 numblocked: 0 comptime: 795 currentTime: 145
Process2 cpudone: 296 cputime: 1300 ionext: 296 ioblocking: 350 numblocked: 0 comptime: 796 currentTime: 146
Process2 cpudone: 297 cputime: 1300 ionext: 297 ioblocking: 350 numblocked: 0 comptime: 797 currentTime: 147
Process2 cpudone: 298 cputime: 1300 ionext: 298 ioblocking: 350 numblocked: 0 comptime: 798 currentTime: 148
Process2 cpudone: 299 cputime: 1300 ionext: 299 ioblocking: 350 numblocked: 0 comptime: 799 currentTime: 149
Process2 cpudone: 300 cputime: 1300 ionext: 300 ioblocking: 350 numblocked: 0 comptime: 800 currentTime: 150
Process: 0 registered... (1300 100 200 800)
Process0 cpudone: 201 cputime: 1300 ionext: 1 ioblocking: 100 numblocked: 2 comptime: 801 currentTime: 1
Process0 cpudone: 202 cputime: 1300 ionext: 2 ioblocking: 100 numblocked: 2 comptime: 802 currentTime: 2
Process0 cpudone: 203 cputime: 1300 ionext: 3 ioblocking: 100 numblocked: 2 comptime: 803 currentTime: 3
Process0 cpudone: 204 cputime: 1300 ionext: 4 ioblocking: 100 numblocked: 2 comptime: 804 currentTime: 4
Process0 cpudone: 205 cputime: 1300 ionext: 5 ioblocking: 100 numblocked: 2 comptime: 805 currentTime: 5
Process0 cpudone: 206 cputime: 1300 ionext: 6 ioblocking: 100 numblocked: 2 comptime: 806 currentTime: 6
Process0 cpudone: 207 cputime: 1300 ionext: 7 ioblocking: 100 numblocked: 2 comptime: 807 currentTime: 7
Process0 cpudone: 208 cputime: 1300 ionext: 8 ioblocking: 100 numblocked: 2 comptime: 808 currentTime: 8
Process0 cpudone: 209 cputime: 1300 ionext: 9 ioblocking: 100 numblocked: 2 comptime: 809 currentTime: 9
Process0 cpudone: 210 cputime: 1300 ionext: 10 ioblocking: 100 numblocked: 2 comptime: 810 currentTime: 10
Process0 cpudone: 211 cputime: 1300 ionext: 11 ioblocking: 100 numblocked: 2 comptime: 811 currentTime: 11
Process0 cpudone: 212 cputime: 1300 ionext: 12 ioblocking: 100 numblocked: 2 comptime: 812 currentTime: 12
Process0 cpudone: 213 cputime: 1300 ionext: 13 ioblocking: 100 numblocked: 2 comptime: 813 currentTime: 13
Process0 cpudone: 214 cputime: 1300 ionext: 14 ioblocking: 100 numblocked: 2 comptime: 814 currentTime: 14
Process0 cpudone: 215 cputime: 1300 ionext: 15 ioblocking: 100 numblocked: 2 comptime: 815 currentTime: 15
Process0 cpudone: 216 cputime: 1300 ionext: 16 ioblocking: 100 numblocked: 2 comptime: 816 currentTime: 16
Process0 cpudone: 217 cputime: 1300 ionext: 17 ioblocking: 100 numblocked: 2 comptime: 817 currentTime: 17
Process0 cpudone: 218 cputime: 1300 ionext: 18 ioblocking: 100 numblocked: 2 comptime: 818 currentTime: 18
Process0 cpudone: 219 cputime: 1300 ionext: 19 ioblocking: 100 numblocked: 2 comptime: 819 currentTime: 19
Process0 cpudone: 220 cputime: 1300 ionext: 20 ioblocking: 100 numblocked: 2 comptime: 820 currentTime: 20
Process0 cpudone: 221 cputime: 1300 ionext: 21 ioblocking: 100 numblocked: 2 comptime: 821 currentTime: 21
Process0 cpudone: 222 cputime: 1300 ionext: 22 ioblocking: 100 numblocked: 2 comptime: 822 currentTime: 22
Process0 cpudone: 223 cputime: 1300 ionext: 23 ioblocking: 100 numblocked: 2 comptime: 823 currentTime: 23
Process0 cpudone: 224 cputime: 1300 ionext: 24 ioblocking: 100 numblocked: 2 comptime: 824 currentTime: 24
Process0 cpudone: 225 cputime: 1300 ionext: 25 ioblocking: 100 numblocked: 2 comptime: 825 currentTime: 25
Process0 cpudone: 226 cputime: 1300 ionext: 26 ioblocking: 100 numblocked: 2 comptime: 826 currentTime: 26
Process0 cpudone: 227 cputime: 1300 ionext: 27 ioblocking: 100 numblocked: 2 comptime: 827 currentTime: 27
Process0 cpudone: 228 cputime: 1300 ionext: 28 ioblocking: 100 numblocked: 2 comptime: 828 currentTime: 28
Process0 cpudone: 229 cputime: 1300 ionext: 29 ioblocking: 100 numblocked: 2 comptime: 829 currentTime: 29
Process0 cpudone: 230 cputime: 1300 ionext: 30 ioblocking: 100 numblocked: 2 comptime: 830 currentTime: 30
Process0 cpudone: 231 cputime: 1300 ionext: 31 ioblocking: 100 numblocked: 2 comptime: 831 currentTime: 31
Process0 cpudone: 232 cputime: 1300 ionext: 32 ioblocking: 100 numblocked: 2 comptime: 832 currentTime: 32
Process0 cpudone: 233 cputime: 1300 ionext: 33 ioblocking: 100 numblocked: 2 comptime: 833 currentTime: 33
Process0 cpudone: 234 cputime: 1300 ionext: 34 ioblocking: 100 numblocked: 2 comptime: 834 currentTime: 34
Process0 cpudone: 235 cputime: 1300 ionext: 35 ioblocking: 100 numblocked: 2 comptime: 835 currentTime: 35
Process0 cpudone: 236 cputime: 1300 ionext: 36 ioblocking: 100 numblocked: 2 comptime: 836 currentTime: 36
Process0 cpudone: 237 cputime: 1300 ionext: 37 ioblocking: 100 numblocked: 2 comptime: 837 currentTime: 37
Process0 cpudone: 238 cputime: 1300 ionext: 38 ioblocking: 100 numblocked: 2 comptime: 838 currentTime: 38
Process0 cpudone: 239 cputime: 1300 ionext: 39 ioblocking: 100 numblocked: 2 comptime: 839 currentTime: 39
Process0 cpudone: 240 cputime: 1300 ionext: 40 ioblocking: 100 numblocked: 2 comptime: 840 currentTime: 40
Process0 cpudone: 241 cputime: 1300 ionext: 41 ioblocking: 100 numblocked: 2 comptime: 841 currentTime: 41
Process0 cpudone: 242 cputime: 1300 ionext: 42 ioblocking: 100 numblocked: 2 comptime: 842 currentTime: 42
Process0 cpudone: 243 cputime: 1300 ionext: 43 ioblocking: 100 numblocked: 2 comptime: 843 currentTime: 43
Process0 cpudone: 244 cputime: 1300 ionext: 44 ioblocking: 100 numblocked: 2 comptime: 844 currentTime: 44
Process0 cpudone: 245 cputime: 1300 ionext: 45 ioblocking: 100 numblocked: 2 comptime: 845 currentTime: 45
Process0 cpudone: 246 cputime: 1300 ionext: 46 ioblocking: 100 numblocked: 2 comptime: 846 currentTime: 46
Process0 cpudone: 247 cputime: 1300 ionext: 47 ioblocking: 100 numblocked: 2 comptime: 847 currentTime: 47
Process0 cpudone: 248 cputime: 1300 ionext: 48 ioblocking: 100 numblocked: 2 comptime: 848 currentTime: 48
Process0 cpudone: 249 cputime: 1300 ionext: 49 ioblocking: 100 numblocked: 2 comptime: 849 currentTime: 49
Process0 cpudone: 250 cputime: 1300 ionext: 50 ioblocking: 100 numblocked: 2 comptime: 850 currentTime: 50
Process0 cpudone: 251 cputime: 1300 ionext: 51 ioblocking: 100 numblocked: 2 comptime: 851 currentTime: 51
Process0 cpudone: 252 cputime: 1300 ionext: 52 ioblocking: 100 numblocked: 2 comptime: 852 currentTime: 52
Process0 cpudone: 253 cputime: 1300 ionext: 53 ioblocking: 100 numblocked: 2 comptime: 853 currentTime: 53
Process0 cpudone: 254 cputime: 1300 ionext: 54 ioblocking: 100 numblocked: 2 comptime: 854 currentTime: 54
Process0 cpudone: 255 cputime: 1300 ionext: 55 ioblocking: 100 numblocked: 2 comptime: 855 currentTime: 55
Process0 cpudone: 256 cputime: 1300 ionext: 56 ioblocking: 100 numblocked: 2 comptime: 856 currentTime: 56
Process0 cpudone: 257 cputime: 1300 ionext: 57 ioblocking: 100 numblocked: 2 comptime: 857 currentTime: 57
Process0 cpudone: 258 cputime: 1300 ionext: 58 ioblocking: 100 numblocked: 2 comptime: 858 currentTime: 58
Process0 cpudone: 259 cputime: 1300 ionext: 59 ioblocking: 100 numblocked: 2 comptime: 859 currentTime: 59
Process0 cpudone: 260 cputime: 1300 ionext: 60 ioblocking: 100 numblocked: 2 comptime: 860 currentTime: 60
Process0 cpudone: 261 cputime: 1300 ionext: 61 ioblocking: 100 numblocked: 2 comptime: 861 currentTime: 61
Process0 cpudone: 262 cputime: 1300 ionext: 62 ioblocking: 100 numblocked: 2 comptime: 862 currentTime: 62
Process0 cpudone: 263 cputime: 1300 ionext: 63 ioblocking: 100 numblocked: 2 comptime: 863 currentTime: 63
Process0 cpudone: 264 cputime: 1300 ionext: 64 ioblocking: 100 numblocked: 2 comptime: 864 currentTime: 64
Process0 cpudone: 265 cputime: 1300 ionext: 65 ioblocking: 100 numblocked: 2 comptime: 865 currentTime: 65
Process0 cpudone: 266 cputime: 1300 ionext: 66 ioblocking: 100 numblocked: 2 comptime: 866 currentTime: 66
Process0 cpudone: 267 cputime: 1300 ionext: 67 ioblocking: 100 numblocked: 2 comptime: 867 currentTime: 67
Process0 cpudone: 268 cputime: 1300 ionext: 68 ioblocking: 100 numblocked: 2 comptime: 868 currentTime: 68
Process0 cpudone: 269 cputime: 1300 ionext: 69 ioblocking: 100 numblocked: 2 comptime: 869 currentTime: 69
Process0 cpudone: 270 cputime: 1300 ionext: 70 ioblocking: 100 numblocked: 2 comptime: 870 currentTime: 70
Process0 cpudone: 271 cputime: 1300 ionext: 71 ioblocking: 100 numblocked: 2 comptime: 871 currentTime: 71
Process0 cpudone: 272 cputime: 1300 ionext: 72 ioblocking: 100 numblocked: 2 comptime: 872 currentTime: 72
Process0 cpudone: 273 cputime: 1300 ionext: 73 ioblocking: 100 numblocked: 2 comptime: 873 currentTime: 73
Process0 cpudone: 274 cputime: 1300 ionext: 74 ioblocking: 100 numblocked: 2 comptime: 874 currentTime: 74
Process0 cpudone: 275 cputime: 1300 ionext: 75 ioblocking: 100 numblocked: 2 comptime: 875 currentTime: 75
Process0 cpudone: 276 cputime: 1300 ionext: 76 ioblocking: 100 numblocked: 2 comptime: 876 currentTime: 76
Process0 cpudone: 277 cputime: 1300 ionext: 77 ioblocking: 100 numblocked: 2 comptime: 877 currentTime: 77
Process0 cpudone: 278 cputime: 1300 ionext: 78 ioblocking: 100 numblocked: 2 comptime: 878 currentTime: 78
Process0 cpudone: 279 cputime: 1300 ionext: 79 ioblocking: 100 numblocked: 2 comptime: 879 currentTime: 79
Process0 cpudone: 280 cputime: 1300 ionext: 80 ioblocking: 100 numblocked: 2 comptime: 880 currentTime: 80
Process0 cpudone: 281 cputime: 1300 ionext: 81 ioblocking: 100 numblocked: 2 comptime: 881 currentTime: 81
Process0 cpudone: 282 cputime: 1300 ionext: 82 ioblocking: 100 numblocked: 2 comptime: 882 currentTime: 82
Process0 cpudone: 283 cputime: 1300 ionext: 83 ioblocking: 100 numblocked: 2 comptime: 883 currentTime: 83
Process0 cpudone: 284 cputime: 1300 ionext: 84 ioblocking: 100 numblocked: 2 comptime: 884 currentTime: 84
Process0 cpudone: 285 cputime: 1300 ionext: 85 ioblocking: 100 numblocked: 2 comptime: 885 currentTime: 85
Process0 cpudone: 286 cputime: 1300 ionext: 86 ioblocking: 100 numblocked: 2 comptime: 886 currentTime: 86
Process0 cpudone: 287 cputime: 1300 ionext: 87 ioblocking: 100 numblocked: 2 comptime: 887 currentTime: 87
Process0 cpudone: 288 cputime: 1300 ionext: 88 ioblocking: 100 numblocked: 2 comptime: 888 currentTime: 88
Process0 cpudone: 289 cputime: 1300 ionext: 89 ioblocking: 100 numblocked: 2 comptime: 889 currentTime: 89
Process0 cpudone: 290 cputime: 1300 ionext: 90 ioblocking: 100 numblocked: 2 comptime: 890 currentTime: 90
Process0 cpudone: 291 cputime: 1300 ionext: 91 ioblocking: 100 numblocked: 2 comptime: 891 currentTime: 91
Process0 cpudone: 292 cputime: 1300 ionext: 92 ioblocking: 100 numblocked: 2 comptime: 892 currentTime: 92
Process0 cpudone: 293 cputime: 1300 ionext: 93 ioblocking: 100 numblocked: 2 comptime: 893 currentTime: 93
Process0 cpudone: 294 cputime: 1300 ionext: 94 ioblocking: 100 numblocked: 2 comptime: 894 currentTime: 94
Process0 cpudone: 295 cputime: 1300 ionext: 95 ioblocking: 100 numblocked: 2 comptime: 895 currentTime: 95
Process0 cpudone: 296 cputime: 1300 ionext: 96 ioblocking: 100 numblocked: 2 comptime: 896 currentTime: 96
Process0 cpudone: 297 cputime: 1300 ionext: 97 ioblocking: 100 numblocked: 2 comptime: 897 currentTime: 97
Process0 cpudone: 298 cputime: 1300 ionext: 98 ioblocking: 100 numblocked: 2 comptime: 898 currentTime: 98
Process0 cpudone: 299 cputime: 1300 ionext: 99 ioblocking: 100 numblocked: 2 comptime: 899 currentTime: 99
Process0 cpudone: 300 cputime: 1300 ionext: 100 ioblocking: 100 numblocked: 2 comptime: 900 currentTime: 100
Process: 0 I/O blocked... (1300 100 300 900)
Process: 1 registered... (1300 400 300 900)
Process1 cpudone: 301 cputime: 1300 ionext: 301 ioblocking: 400 numblocked: 0 comptime: 901 currentTime: 1
Process1 cpudone: 302 cputime: 1300 ionext: 302 ioblocking: 400 numblocked: 0 comptime: 902 currentTime: 2
Process1 cpudone: 303 cputime: 1300 ionext: 303 ioblocking: 400 numblocked: 0 comptime: 903 currentTime: 3
Process1 cpudone: 304 cputime: 1300 ionext: 304 ioblocking: 400 numblocked: 0 comptime: 904 currentTime: 4
Process1 cpudone: 305 cputime: 1300 ionext: 305 ioblocking: 400 numblocked: 0 comptime: 905 currentTime: 5
Process1 cpudone: 306 cputime: 1300 ionext: 306 ioblocking: 400 numblocked: 0 comptime: 906 currentTime: 6
Process1 cpudone: 307 cputime: 1300 ionext: 307 ioblocking: 400 numblocked: 0 comptime: 907 currentTime: 7
Process1 cpudone: 308 cputime: 1300 ionext: 308 ioblocking: 400 numblocked: 0 comptime: 908 currentTime: 8
Process1 cpudone: 309 cputime: 1300 ionext: 309 ioblocking: 400 numblocked: 0 comptime: 909 currentTime: 9
Process1 cpudone: 310 cputime: 1300 ionext: 310 ioblocking: 400 numblocked: 0 comptime: 910 currentTime: 10
Process1 cpudone: 311 cputime: 1300 ionext: 311 ioblocking: 400 numblocked: 0 comptime: 911 currentTime: 11
Process1 cpudone: 312 cputime: 1300 ionext: 312 ioblocking: 400 numblocked: 0 comptime: 912 currentTime: 12
Process1 cpudone: 313 cputime: 1300 ionext: 313 ioblocking: 400 numblocked: 0 comptime: 913 currentTime: 13
Process1 cpudone: 314 cputime: 1300 ionext: 314 ioblocking: 400 numblocked: 0 comptime: 914 currentTime: 14
Process1 cpudone: 315 cputime: 1300 ionext: 315 ioblocking: 400 numblocked: 0 comptime: 915 currentTime: 15
Process1 cpudone: 316 cputime: 1300 ionext: 316 ioblocking: 400 numblocked: 0 comptime: 916 currentTime: 16
Process1 cpudone: 317 cputime: 1300 ionext: 317 ioblocking: 400 numblocked: 0 comptime: 917 currentTime: 17
Process1 cpudone: 318 cputime: 1300 ionext: 318 ioblocking: 400 numblocked: 0 comptime: 918 currentTime: 18
Process1 cpudone: 319 cputime: 1300 ionext: 319 ioblocking: 400 numblocked: 0 comptime: 919 currentTime: 19
Process1 cpudone: 320 cputime: 1300 ionext: 320 ioblocking: 400 numblocked: 0 comptime: 920 currentTime: 20
Process1 cpudone: 321 cputime: 1300 ionext: 321 ioblocking: 400 numblocked: 0 comptime: 921 currentTime: 21
Process1 cpudone: 322 cputime: 1300 ionext: 322 ioblocking: 400 numblocked: 0 comptime: 922 currentTime: 22
Process1 cpudone: 323 cputime: 1300 ionext: 323 ioblocking: 400 numblocked: 0 comptime: 923 currentTime: 23
Process1 cpudone: 324 cputime: 1300 ionext: 324 ioblocking: 400 numblocked: 0 comptime: 924 currentTime: 24
Process1 cpudone: 325 cputime: 1300 ionext: 325 ioblocking: 400 numblocked: 0 comptime: 925 currentTime: 25
Process1 cpudone: 326 cputime: 1300 ionext: 326 ioblocking: 400 numblocked: 0 comptime: 926 currentTime: 26
Process1 cpudone: 327 cputime: 1300 ionext: 327 ioblocking: 400 numblocked: 0 comptime: 927 currentTime: 27
Process1 cpudone: 328 cputime: 1300 ionext: 328 ioblocking: 400 numblocked: 0 comptime: 928 currentTime: 28
Process1 cpudone: 329 cputime: 1300 ionext: 329 ioblocking: 400 numblocked: 0 comptime: 929 currentTime: 29
Process1 cpudone: 330 cputime: 1300 ionext: 330 ioblocking: 400 numblocked: 0 comptime: 930 currentTime: 30
Process1 cpudone: 331 cputime: 1300 ionext: 331 ioblocking: 400 numblocked: 0 comptime: 931 currentTime: 31
Process1 cpudone: 332 cputime: 1300 ionext: 332 ioblocking: 400 numblocked: 0 comptime: 932 currentTime: 32
Process1 cpudone: 333 cputime: 1300 ionext: 333 ioblocking: 400 numblocked: 0 comptime: 933 currentTime: 33
Process1 cpudone: 334 cputime: 1300 ionext: 334 ioblocking: 400 numblocked: 0 comptime: 934 currentTime: 34
Process1 cpudone: 335 cputime: 1300 ionext: 335 ioblocking: 400 numblocked: 0 comptime: 935 currentTime: 35
Process1 cpudone: 336 cputime: 1300 ionext: 336 ioblocking: 400 numblocked: 0 comptime: 936 currentTime: 36
Process1 cpudone: 337 cputime: 1300 ionext: 337 ioblocking: 400 numblocked: 0 comptime: 937 currentTime: 37
Process1 cpudone: 338 cputime: 1300 ionext: 338 ioblocking: 400 numblocked: 0 comptime: 938 currentTime: 38
Process1 cpudone: 339 cputime: 1300 ionext: 339 ioblocking: 400 numblocked: 0 comptime: 939 currentTime: 39
Process1 cpudone: 340 cputime: 1300 ionext: 340 ioblocking: 400 numblocked: 0 comptime: 940 currentTime: 40
Process1 cpudone: 341 cputime: 1300 ionext: 341 ioblocking: 400 numblocked: 0 comptime: 941 currentTime: 41
Process1 cpudone: 342 cputime: 1300 ionext: 342 ioblocking: 400 numblocked: 0 comptime: 942 currentTime: 42
Process1 cpudone: 343 cputime: 1300 ionext: 343 ioblocking: 400 numblocked: 0 comptime: 943 currentTime: 43
Process1 cpudone: 344 cputime: 1300 ionext: 344 ioblocking: 400 numblocked: 0 comptime: 944 currentTime: 44
Process1 cpudone: 345 cputime: 1300 ionext: 345 ioblocking: 400 numblocked: 0 comptime: 945 currentTime: 45
Process1 cpudone: 346 cputime: 1300 ionext: 346 ioblocking: 400 numblocked: 0 comptime: 946 currentTime: 46
Process1 cpudone: 347 cputime: 1300 ionext: 347 ioblocking: 400 numblocked: 0 comptime: 947 currentTime: 47
Process1 cpudone: 348 cputime: 1300 ionext: 348 ioblocking: 400 numblocked: 0 comptime: 948 currentTime: 48
Process1 cpudone: 349 cputime: 1300 ionext: 349 ioblocking: 400 numblocked: 0 comptime: 949 currentTime: 49
Process1 cpudone: 350 cputime: 1300 ionext: 350 ioblocking: 400 numblocked: 0 comptime: 950 currentTime: 50
Process1 cpudone: 351 cputime: 1300 ionext: 351 ioblocking: 400 numblocked: 0 comptime: 951 currentTime: 51
Process1 cpudone: 352 cputime: 1300 ionext: 352 ioblocking: 400 numblocked: 0 comptime: 952 currentTime: 52
Process1 cpudone: 353 cputime: 1300 ionext: 353 ioblocking: 400 numblocked: 0 comptime: 953 currentTime: 53
Process1 cpudone: 354 cputime: 1300 ionext: 354 ioblocking: 400 numblocked: 0 comptime: 954 currentTime: 54
Process1 cpudone: 355 cputime: 1300 ionext: 355 ioblocking: 400 numblocked: 0 comptime: 955 currentTime: 55
Process1 cpudone: 356 cputime: 1300 ionext: 356 ioblocking: 400 numblocked: 0 comptime: 956 currentTime: 56
Process1 cpudone: 357 cputime: 1300 ionext: 357 ioblocking: 400 numblocked: 0 comptime: 957 currentTime: 57
Process1 cpudone: 358 cputime: 1300 ionext: 358 ioblocking: 400 numblocked: 0 comptime: 958 currentTime: 58
Process1 cpudone: 359 cputime: 1300 ionext: 359 ioblocking: 400 numblocked: 0 comptime: 959 currentTime: 59
Process1 cpudone: 360 cputime: 1300 ionext: 360 ioblocking: 400 numblocked: 0 comptime: 960 currentTime: 60
Process1 cpudone: 361 cputime: 1300 ionext: 361 ioblocking: 400 numblocked: 0 comptime: 961 currentTime: 61
Process1 cpudone: 362 cputime: 1300 ionext: 362 ioblocking: 400 numblocked: 0 comptime: 962 currentTime: 62
Process1 cpudone: 363 cputime: 1300 ionext: 363 ioblocking: 400 numblocked: 0 comptime: 963 currentTime: 63
Process1 cpudone: 364 cputime: 1300 ionext: 364 ioblocking: 400 numblocked: 0 comptime: 964 currentTime: 64
Process1 cpudone: 365 cputime: 1300 ionext: 365 ioblocking: 400 numblocked: 0 comptime: 965 currentTime: 65
Process1 cpudone: 366 cputime: 1300 ionext: 366 ioblocking: 400 numblocked: 0 comptime: 966 currentTime: 66
Process1 cpudone: 367 cputime: 1300 ionext: 367 ioblocking: 400 numblocked: 0 comptime: 967 currentTime: 67
Process1 cpudone: 368 cputime: 1300 ionext: 368 ioblocking: 400 numblocked: 0 comptime: 968 currentTime: 68
Process1 cpudone: 369 cputime: 1300 ionext: 369 ioblocking: 400 numblocked: 0 comptime: 969 currentTime: 69
Process1 cpudone: 370 cputime: 1300 ionext: 370 ioblocking: 400 numblocked: 0 comptime: 970 currentTime: 70
Process1 cpudone: 371 cputime: 1300 ionext: 371 ioblocking: 400 numblocked: 0 comptime: 971 currentTime: 71
Process1 cpudone: 372 cputime: 1300 ionext: 372 ioblocking: 400 numblocked: 0 comptime: 972 currentTime: 72
Process1 cpudone: 373 cputime: 1300 ionext: 373 ioblocking: 400 numblocked: 0 comptime: 973 currentTime: 73
Process1 cpudone: 374 cputime: 1300 ionext: 374 ioblocking: 400 numblocked: 0 comptime: 974 currentTime: 74
Process1 cpudone: 375 cputime: 1300 ionext: 375 ioblocking: 400 numblocked: 0 comptime: 975 currentTime: 75
Process1 cpudone: 376 cputime: 1300 ionext: 376 ioblocking: 400 numblocked: 0 comptime: 976 currentTime: 76
Process1 cpudone: 377 cputime: 1300 ionext: 377 ioblocking: 400 numblocked: 0 comptime: 977 currentTime: 77
Process1 cpudone: 378 cputime: 1300 ionext: 378 ioblocking: 400 numblocked: 0 comptime: 978 currentTime: 78
Process1 cpudone: 379 cputime: 1300 ionext: 379 ioblocking: 400 numblocked: 0 comptime: 979 currentTime: 79
Process1 cpudone: 380 cputime: 1300 ionext: 380 ioblocking: 400 numblocked: 0 comptime: 980 currentTime: 80
Process1 cpudone: 381 cputime: 1300 ionext: 381 ioblocking: 400 numblocked: 0 comptime: 981 currentTime: 81
Process1 cpudone: 382 cputime: 1300 ionext: 382 ioblocking: 400 numblocked: 0 comptime: 982 currentTime: 82
Process1 cpudone: 383 cputime: 1300 ionext: 383 ioblocking: 400 numblocked: 0 comptime: 983 currentTime: 83
Process1 cpudone: 384 cputime: 1300 ionext: 384 ioblocking: 400 numblocked: 0 comptime: 984 currentTime: 84
Process1 cpudone: 385 cputime: 1300 ionext: 385 ioblocking: 400 numblocked: 0 comptime: 985 currentTime: 85
Process1 cpudone: 386 cputime: 1300 ionext: 386 ioblocking: 400 numblocked: 0 comptime: 986 currentTime: 86
Process1 cpudone: 387 cputime: 1300 ionext: 387 ioblocking: 400 numblocked: 0 comptime: 987 currentTime: 87
Process1 cpudone: 388 cputime: 1300 ionext: 388 ioblocking: 400 numblocked: 0 comptime: 988 currentTime: 88
Process1 cpudone: 389 cputime: 1300 ionext: 389 ioblocking: 400 numblocked: 0 comptime: 989 currentTime: 89
Process1 cpudone: 390 cputime: 1300 ionext: 390 ioblocking: 400 numblocked: 0 comptime: 990 currentTime: 90
Process1 cpudone: 391 cputime: 1300 ionext: 391 ioblocking: 400 numblocked: 0 comptime: 991 currentTime: 91
Process1 cpudone: 392 cputime: 1300 ionext: 392 ioblocking: 400 numblocked: 0 comptime: 992 currentTime: 92
Process1 cpudone: 393 cputime: 1300 ionext: 393 ioblocking: 400 numblocked: 0 comptime: 993 currentTime: 93
Process1 cpudone: 394 cputime: 1300 ionext: 394 ioblocking: 400 numblocked: 0 comptime: 994 currentTime: 94
Process1 cpudone: 395 cputime: 1300 ionext: 395 ioblocking: 400 numblocked: 0 comptime: 995 currentTime: 95
Process1 cpudone: 396 cputime: 1300 ionext: 396 ioblocking: 400 numblocked: 0 comptime: 996 currentTime: 96
Process1 cpudone: 397 cputime: 1300 ionext: 397 ioblocking: 400 numblocked: 0 comptime: 997 currentTime: 97
Process1 cpudone: 398 cputime: 1300 ionext: 398 ioblocking: 400 numblocked: 0 comptime: 998 currentTime: 98
Process1 cpudone: 399 cputime: 1300 ionext: 399 ioblocking: 400 numblocked: 0 comptime: 999 currentTime: 99
Process1 cpudone: 400 cputime: 1300 ionext: 400 ioblocking: 400 numblocked: 0 comptime: 1000 currentTime: 100
Process: 1 I/O blocked... (1300 400 400 1000)
Process: 2 registered... (1300 350 300 1000)
Process2 cpudone: 301 cputime: 1300 ionext: 301 ioblocking: 350 numblocked: 0 comptime: 1001 currentTime: 1
Process2 cpudone: 302 cputime: 1300 ionext: 302 ioblocking: 350 numblocked: 0 comptime: 1002 currentTime: 2
Process2 cpudone: 303 cputime: 1300 ionext: 303 ioblocking: 350 numblocked: 0 comptime: 1003 currentTime: 3
Process2 cpudone: 304 cputime: 1300 ionext: 304 ioblocking: 350 numblocked: 0 comptime: 1004 currentTime: 4
Process2 cpudone: 305 cputime: 1300 ionext: 305 ioblocking: 350 numblocked: 0 comptime: 1005 currentTime: 5
Process2 cpudone: 306 cputime: 1300 ionext: 306 ioblocking: 350 numblocked: 0 comptime: 1006 currentTime: 6
Process2 cpudone: 307 cputime: 1300 ionext: 307 ioblocking: 350 numblocked: 0 comptime: 1007 currentTime: 7
Process2 cpudone: 308 cputime: 1300 ionext: 308 ioblocking: 350 numblocked: 0 comptime: 1008 currentTime: 8
Process2 cpudone: 309 cputime: 1300 ionext: 309 ioblocking: 350 numblocked: 0 comptime: 1009 currentTime: 9
Process2 cpudone: 310 cputime: 1300 ionext: 310 ioblocking: 350 numblocked: 0 comptime: 1010 currentTime: 10
Process2 cpudone: 311 cputime: 1300 ionext: 311 ioblocking: 350 numblocked: 0 comptime: 1011 currentTime: 11
Process2 cpudone: 312 cputime: 1300 ionext: 312 ioblocking: 350 numblocked: 0 comptime: 1012 currentTime: 12
Process2 cpudone: 313 cputime: 1300 ionext: 313 ioblocking: 350 numblocked: 0 comptime: 1013 currentTime: 13
Process2 cpudone: 314 cputime: 1300 ionext: 314 ioblocking: 350 numblocked: 0 comptime: 1014 currentTime: 14
Process2 cpudone: 315 cputime: 1300 ionext: 315 ioblocking: 350 numblocked: 0 comptime: 1015 currentTime: 15
Process2 cpudone: 316 cputime: 1300 ionext: 316 ioblocking: 350 numblocked: 0 comptime: 1016 currentTime: 16
Process2 cpudone: 317 cputime: 1300 ionext: 317 ioblocking: 350 numblocked: 0 comptime: 1017 currentTime: 17
Process2 cpudone: 318 cputime: 1300 ionext: 318 ioblocking: 350 numblocked: 0 comptime: 1018 currentTime: 18
Process2 cpudone: 319 cputime: 1300 ionext: 319 ioblocking: 350 numblocked: 0 comptime: 1019 currentTime: 19
Process2 cpudone: 320 cputime: 1300 ionext: 320 ioblocking: 350 numblocked: 0 comptime: 1020 currentTime: 20
Process2 cpudone: 321 cputime: 1300 ionext: 321 ioblocking: 350 numblocked: 0 comptime: 1021 currentTime: 21
Process2 cpudone: 322 cputime: 1300 ionext: 322 ioblocking: 350 numblocked: 0 comptime: 1022 currentTime: 22
Process2 cpudone: 323 cputime: 1300 ionext: 323 ioblocking: 350 numblocked: 0 comptime: 1023 currentTime: 23
Process2 cpudone: 324 cputime: 1300 ionext: 324 ioblocking: 350 numblocked: 0 comptime: 1024 currentTime: 24
Process2 cpudone: 325 cputime: 1300 ionext: 325 ioblocking: 350 numblocked: 0 comptime: 1025 currentTime: 25
Process2 cpudone: 326 cputime: 1300 ionext: 326 ioblocking: 350 numblocked: 0 comptime: 1026 currentTime: 26
Process2 cpudone: 327 cputime: 1300 ionext: 327 ioblocking: 350 numblocked: 0 comptime: 1027 currentTime: 27
Process2 cpudone: 328 cputime: 1300 ionext: 328 ioblocking: 350 numblocked: 0 comptime: 1028 currentTime: 28
Process2 cpudone: 329 cputime: 1300 ionext: 329 ioblocking: 350 numblocked: 0 comptime: 1029 currentTime: 29
Process2 cpudone: 330 cputime: 1300 ionext: 330 ioblocking: 350 numblocked: 0 comptime: 1030 currentTime: 30
Process2 cpudone: 331 cputime: 1300 ionext: 331 ioblocking: 350 numblocked: 0 comptime: 1031 currentTime: 31
Process2 cpudone: 332 cputime: 1300 ionext: 332 ioblocking: 350 numblocked: 0 comptime: 1032 currentTime: 32
Process2 cpudone: 333 cputime: 1300 ionext: 333 ioblocking: 350 numblocked: 0 comptime: 1033 currentTime: 33
Process2 cpudone: 334 cputime: 1300 ionext: 334 ioblocking: 350 numblocked: 0 comptime: 1034 currentTime: 34
Process2 cpudone: 335 cputime: 1300 ionext: 335 ioblocking: 350 numblocked: 0 comptime: 1035 currentTime: 35
Process2 cpudone: 336 cputime: 1300 ionext: 336 ioblocking: 350 numblocked: 0 comptime: 1036 currentTime: 36
Process2 cpudone: 337 cputime: 1300 ionext: 337 ioblocking: 350 numblocked: 0 comptime: 1037 currentTime: 37
Process2 cpudone: 338 cputime: 1300 ionext: 338 ioblocking: 350 numblocked: 0 comptime: 1038 currentTime: 38
Process2 cpudone: 339 cputime: 1300 ionext: 339 ioblocking: 350 numblocked: 0 comptime: 1039 currentTime: 39
Process2 cpudone: 340 cputime: 1300 ionext: 340 ioblocking: 350 numblocked: 0 comptime: 1040 currentTime: 40
Process2 cpudone: 341 cputime: 1300 ionext: 341 ioblocking: 350 numblocked: 0 comptime: 1041 currentTime: 41
Process2 cpudone: 342 cputime: 1300 ionext: 342 ioblocking: 350 numblocked: 0 comptime: 1042 currentTime: 42
Process2 cpudone: 343 cputime: 1300 ionext: 343 ioblocking: 350 numblocked: 0 comptime: 1043 currentTime: 43
Process2 cpudone: 344 cputime: 1300 ionext: 344 ioblocking: 350 numblocked: 0 comptime: 1044 currentTime: 44
Process2 cpudone: 345 cputime: 1300 ionext: 345 ioblocking: 350 numblocked: 0 comptime: 1045 currentTime: 45
Process2 cpudone: 346 cputime: 1300 ionext: 346 ioblocking: 350 numblocked: 0 comptime: 1046 currentTime: 46
Process2 cpudone: 347 cputime: 1300 ionext: 347 ioblocking: 350 numblocked: 0 comptime: 1047 currentTime: 47
Process2 cpudone: 348 cputime: 1300 ionext: 348 ioblocking: 350 numblocked: 0 comptime: 1048 currentTime: 48
Process2 cpudone: 349 cputime: 1300 ionext: 349 ioblocking: 350 numblocked: 0 comptime: 1049 currentTime: 49
Process2 cpudone: 350 cputime: 1300 ionext: 350 ioblocking: 350 numblocked: 0 comptime: 1050 currentTime: 50
Process: 2 I/O blocked... (1300 350 350 1050)
Process: 0 registered... (1300 100 300 1050)
Process0 cpudone: 301 cputime: 1300 ionext: 1 ioblocking: 100 numblocked: 3 comptime: 1051 currentTime: 1
Process0 cpudone: 302 cputime: 1300 ionext: 2 ioblocking: 100 numblocked: 3 comptime: 1052 currentTime: 2
Process0 cpudone: 303 cputime: 1300 ionext: 3 ioblocking: 100 numblocked: 3 comptime: 1053 currentTime: 3
Process0 cpudone: 304 cputime: 1300 ionext: 4 ioblocking: 100 numblocked: 3 comptime: 1054 currentTime: 4
Process0 cpudone: 305 cputime: 1300 ionext: 5 ioblocking: 100 numblocked: 3 comptime: 1055 currentTime: 5
Process0 cpudone: 306 cputime: 1300 ionext: 6 ioblocking: 100 numblocked: 3 comptime: 1056 currentTime: 6
Process0 cpudone: 307 cputime: 1300 ionext: 7 ioblocking: 100 numblocked: 3 comptime: 1057 currentTime: 7
Process0 cpudone: 308 cputime: 1300 ionext: 8 ioblocking: 100 numblocked: 3 comptime: 1058 currentTime: 8
Process0 cpudone: 309 cputime: 1300 ionext: 9 ioblocking: 100 numblocked: 3 comptime: 1059 currentTime: 9
Process0 cpudone: 310 cputime: 1300 ionext: 10 ioblocking: 100 numblocked: 3 comptime: 1060 currentTime: 10
Process0 cpudone: 311 cputime: 1300 ionext: 11 ioblocking: 100 numblocked: 3 comptime: 1061 currentTime: 11
Process0 cpudone: 312 cputime: 1300 ionext: 12 ioblocking: 100 numblocked: 3 comptime: 1062 currentTime: 12
Process0 cpudone: 313 cputime: 1300 ionext: 13 ioblocking: 100 numblocked: 3 comptime: 1063 currentTime: 13
Process0 cpudone: 314 cputime: 1300 ionext: 14 ioblocking: 100 numblocked: 3 comptime: 1064 currentTime: 14
Process0 cpudone: 315 cputime: 1300 ionext: 15 ioblocking: 100 numblocked: 3 comptime: 1065 currentTime: 15
Process0 cpudone: 316 cputime: 1300 ionext: 16 ioblocking: 100 numblocked: 3 comptime: 1066 currentTime: 16
Process0 cpudone: 317 cputime: 1300 ionext: 17 ioblocking: 100 numblocked: 3 comptime: 1067 currentTime: 17
Process0 cpudone: 318 cputime: 1300 ionext: 18 ioblocking: 100 numblocked: 3 comptime: 1068 currentTime: 18
Process0 cpudone: 319 cputime: 1300 ionext: 19 ioblocking: 100 numblocked: 3 comptime: 1069 currentTime: 19
Process0 cpudone: 320 cputime: 1300 ionext: 20 ioblocking: 100 numblocked: 3 comptime: 1070 currentTime: 20
Process0 cpudone: 321 cputime: 1300 ionext: 21 ioblocking: 100 numblocked: 3 comptime: 1071 currentTime: 21
Process0 cpudone: 322 cputime: 1300 ionext: 22 ioblocking: 100 numblocked: 3 comptime: 1072 currentTime: 22
Process0 cpudone: 323 cputime: 1300 ionext: 23 ioblocking: 100 numblocked: 3 comptime: 1073 currentTime: 23
Process0 cpudone: 324 cputime: 1300 ionext: 24 ioblocking: 100 numblocked: 3 comptime: 1074 currentTime: 24
Process0 cpudone: 325 cputime: 1300 ionext: 25 ioblocking: 100 numblocked: 3 comptime: 1075 currentTime: 25
Process0 cpudone: 326 cputime: 1300 ionext: 26 ioblocking: 100 numblocked: 3 comptime: 1076 currentTime: 26
Process0 cpudone: 327 cputime: 1300 ionext: 27 ioblocking: 100 numblocked: 3 comptime: 1077 currentTime: 27
Process0 cpudone: 328 cputime: 1300 ionext: 28 ioblocking: 100 numblocked: 3 comptime: 1078 currentTime: 28
Process0 cpudone: 329 cputime: 1300 ionext: 29 ioblocking: 100 numblocked: 3 comptime: 1079 currentTime: 29
Process0 cpudone: 330 cputime: 1300 ionext: 30 ioblocking: 100 numblocked: 3 comptime: 1080 currentTime: 30
Process0 cpudone: 331 cputime: 1300 ionext: 31 ioblocking: 100 numblocked: 3 comptime: 1081 currentTime: 31
Process0 cpudone: 332 cputime: 1300 ionext: 32 ioblocking: 100 numblocked: 3 comptime: 1082 currentTime: 32
Process0 cpudone: 333 cputime: 1300 ionext: 33 ioblocking: 100 numblocked: 3 comptime: 1083 currentTime: 33
Process0 cpudone: 334 cputime: 1300 ionext: 34 ioblocking: 100 numblocked: 3 comptime: 1084 currentTime: 34
Process0 cpudone: 335 cputime: 1300 ionext: 35 ioblocking: 100 numblocked: 3 comptime: 1085 currentTime: 35
Process0 cpudone: 336 cputime: 1300 ionext: 36 ioblocking: 100 numblocked: 3 comptime: 1086 currentTime: 36
Process0 cpudone: 337 cputime: 1300 ionext: 37 ioblocking: 100 numblocked: 3 comptime: 1087 currentTime: 37
Process0 cpudone: 338 cputime: 1300 ionext: 38 ioblocking: 100 numblocked: 3 comptime: 1088 currentTime: 38
Process0 cpudone: 339 cputime: 1300 ionext: 39 ioblocking: 100 numblocked: 3 comptime: 1089 currentTime: 39
Process0 cpudone: 340 cputime: 1300 ionext: 40 ioblocking: 100 numblocked: 3 comptime: 1090 currentTime: 40
Process0 cpudone: 341 cputime: 1300 ionext: 41 ioblocking: 100 numblocked: 3 comptime: 1091 currentTime: 41
Process0 cpudone: 342 cputime: 1300 ionext: 42 ioblocking: 100 numblocked: 3 comptime: 1092 currentTime: 42
Process0 cpudone: 343 cputime: 1300 ionext: 43 ioblocking: 100 numblocked: 3 comptime: 1093 currentTime: 43
Process0 cpudone: 344 cputime: 1300 ionext: 44 ioblocking: 100 numblocked: 3 comptime: 1094 currentTime: 44
Process0 cpudone: 345 cputime: 1300 ionext: 45 ioblocking: 100 numblocked: 3 comptime: 1095 currentTime: 45
Process0 cpudone: 346 cputime: 1300 ionext: 46 ioblocking: 100 numblocked: 3 comptime: 1096 currentTime: 46
Process0 cpudone: 347 cputime: 1300 ionext: 47 ioblocking: 100 numblocked: 3 comptime: 1097 currentTime: 47
Process0 cpudone: 348 cputime: 1300 ionext: 48 ioblocking: 100 numblocked: 3 comptime: 1098 currentTime: 48
Process0 cpudone: 349 cputime: 1300 ionext: 49 ioblocking: 100 numblocked: 3 comptime: 1099 currentTime: 49
Process0 cpudone: 350 cputime: 1300 ionext: 50 ioblocking: 100 numblocked: 3 comptime: 1100 currentTime: 50
Process0 cpudone: 351 cputime: 1300 ionext: 51 ioblocking: 100 numblocked: 3 comptime: 1101 currentTime: 51
Process0 cpudone: 352 cputime: 1300 ionext: 52 ioblocking: 100 numblocked: 3 comptime: 1102 currentTime: 52
Process0 cpudone: 353 cputime: 1300 ionext: 53 ioblocking: 100 numblocked: 3 comptime: 1103 currentTime: 53
Process0 cpudone: 354 cputime: 1300 ionext: 54 ioblocking: 100 numblocked: 3 comptime: 1104 currentTime: 54
Process0 cpudone: 355 cputime: 1300 ionext: 55 ioblocking: 100 numblocked: 3 comptime: 1105 currentTime: 55
Process0 cpudone: 356 cputime: 1300 ionext: 56 ioblocking: 100 numblocked: 3 comptime: 1106 currentTime: 56
Process0 cpudone: 357 cputime: 1300 ionext: 57 ioblocking: 100 numblocked: 3 comptime: 1107 currentTime: 57
Process0 cpudone: 358 cputime: 1300 ionext: 58 ioblocking: 100 numblocked: 3 comptime: 1108 currentTime: 58
Process0 cpudone: 359 cputime: 1300 ionext: 59 ioblocking: 100 numblocked: 3 comptime: 1109 currentTime: 59
Process0 cpudone: 360 cputime: 1300 ionext: 60 ioblocking: 100 numblocked: 3 comptime: 1110 currentTime: 60
Process0 cpudone: 361 cputime: 1300 ionext: 61 ioblocking: 100 numblocked: 3 comptime: 1111 currentTime: 61
Process0 cpudone: 362 cputime: 1300 ionext: 62 ioblocking: 100 numblocked: 3 comptime: 1112 currentTime: 62
Process0 cpudone: 363 cputime: 1300 ionext: 63 ioblocking: 100 numblocked: 3 comptime: 1113 currentTime: 63
Process0 cpudone: 364 cputime: 1300 ionext: 64 ioblocking: 100 numblocked: 3 comptime: 1114 currentTime: 64
Process0 cpudone: 365 cputime: 1300 ionext: 65 ioblocking: 100 numblocked: 3 comptime: 1115 currentTime: 65
Process0 cpudone: 366 cputime: 1300 ionext: 66 ioblocking: 100 numblocked: 3 comptime: 1116 currentTime: 66
Process0 cpudone: 367 cputime: 1300 ionext: 67 ioblocking: 100 numblocked: 3 comptime: 1117 currentTime: 67
Process0 cpudone: 368 cputime: 1300 ionext: 68 ioblocking: 100 numblocked: 3 comptime: 1118 currentTime: 68
Process0 cpudone: 369 cputime: 1300 ionext: 69 ioblocking: 100 numblocked: 3 comptime: 1119 currentTime: 69
Process0 cpudone: 370 cputime: 1300 ionext: 70 ioblocking: 100 numblocked: 3 comptime: 1120 currentTime: 70
Process0 cpudone: 371 cputime: 1300 ionext: 71 ioblocking: 100 numblocked: 3 comptime: 1121 currentTime: 71
Process0 cpudone: 372 cputime: 1300 ionext: 72 ioblocking: 100 numblocked: 3 comptime: 1122 currentTime: 72
Process0 cpudone: 373 cputime: 1300 ionext: 73 ioblocking: 100 numblocked: 3 comptime: 1123 currentTime: 73
Process0 cpudone: 374 cputime: 1300 ionext: 74 ioblocking: 100 numblocked: 3 comptime: 1124 currentTime: 74
Process0 cpudone: 375 cputime: 1300 ionext: 75 ioblocking: 100 numblocked: 3 comptime: 1125 currentTime: 75
Process0 cpudone: 376 cputime: 1300 ionext: 76 ioblocking: 100 numblocked: 3 comptime: 1126 currentTime: 76
Process0 cpudone: 377 cputime: 1300 ionext: 77 ioblocking: 100 numblocked: 3 comptime: 1127 currentTime: 77
Process0 cpudone: 378 cputime: 1300 ionext: 78 ioblocking: 100 numblocked: 3 comptime: 1128 currentTime: 78
Process0 cpudone: 379 cputime: 1300 ionext: 79 ioblocking: 100 numblocked: 3 comptime: 1129 currentTime: 79
Process0 cpudone: 380 cputime: 1300 ionext: 80 ioblocking: 100 numblocked: 3 comptime: 1130 currentTime: 80
Process0 cpudone: 381 cputime: 1300 ionext: 81 ioblocking: 100 numblocked: 3 comptime: 1131 currentTime: 81
Process0 cpudone: 382 cputime: 1300 ionext: 82 ioblocking: 100 numblocked: 3 comptime: 1132 currentTime: 82
Process0 cpudone: 383 cputime: 1300 ionext: 83 ioblocking: 100 numblocked: 3 comptime: 1133 currentTime: 83
Process0 cpudone: 384 cputime: 1300 ionext: 84 ioblocking: 100 numblocked: 3 comptime: 1134 currentTime: 84
Process0 cpudone: 385 cputime: 1300 ionext: 85 ioblocking: 100 numblocked: 3 comptime: 1135 currentTime: 85
Process0 cpudone: 386 cputime: 1300 ionext: 86 ioblocking: 100 numblocked: 3 comptime: 1136 currentTime: 86
Process0 cpudone: 387 cputime: 1300 ionext: 87 ioblocking: 100 numblocked: 3 comptime: 1137 currentTime: 87
Process0 cpudone: 388 cputime: 1300 ionext: 88 ioblocking: 100 numblocked: 3 comptime: 1138 currentTime: 88
Process0 cpudone: 389 cputime: 1300 ionext: 89 ioblocking: 100 numblocked: 3 comptime: 1139 currentTime: 89
Process0 cpudone: 390 cputime: 1300 ionext: 90 ioblocking: 100 numblocked: 3 comptime: 1140 currentTime: 90
Process0 cpudone: 391 cputime: 1300 ionext: 91 ioblocking: 100 numblocked: 3 comptime: 1141 currentTime: 91
Process0 cpudone: 392 cputime: 1300 ionext: 92 ioblocking: 100 numblocked: 3 comptime: 1142 currentTime: 92
Process0 cpudone: 393 cputime: 1300 ionext: 93 ioblocking: 100 numblocked: 3 comptime: 1143 currentTime: 93
Process0 cpudone: 394 cputime: 1300 ionext: 94 ioblocking: 100 numblocked: 3 comptime: 1144 currentTime: 94
Process0 cpudone: 395 cputime: 1300 ionext: 95 ioblocking: 100 numblocked: 3 comptime: 1145 currentTime: 95
Process0 cpudone: 396 cputime: 1300 ionext: 96 ioblocking: 100 numblocked: 3 comptime: 1146 currentTime: 96
Process0 cpudone: 397 cputime: 1300 ionext: 97 ioblocking: 100 numblocked: 3 comptime: 1147 currentTime: 97
Process0 cpudone: 398 cputime: 1300 ionext: 98 ioblocking: 100 numblocked: 3 comptime: 1148 currentTime: 98
Process0 cpudone: 399 cputime: 1300 ionext: 99 ioblocking: 100 numblocked: 3 comptime: 1149 currentTime: 99
Process0 cpudone: 400 cputime: 1300 ionext: 100 ioblocking: 100 numblocked: 3 comptime: 1150 currentTime: 100
Process: 0 I/O blocked... (1300 100 400 1150)
Process: 1 registered... (1300 400 400 1150)
Process1 cpudone: 401 cputime: 1300 ionext: 1 ioblocking: 400 numblocked: 1 comptime: 1151 currentTime: 1
Process1 cpudone: 402 cputime: 1300 ionext: 2 ioblocking: 400 numblocked: 1 comptime: 1152 currentTime: 2
Process1 cpudone: 403 cputime: 1300 ionext: 3 ioblocking: 400 numblocked: 1 comptime: 1153 currentTime: 3
Process1 cpudone: 404 cputime: 1300 ionext: 4 ioblocking: 400 numblocked: 1 comptime: 1154 currentTime: 4
Process1 cpudone: 405 cputime: 1300 ionext: 5 ioblocking: 400 numblocked: 1 comptime: 1155 currentTime: 5
Process1 cpudone: 406 cputime: 1300 ionext: 6 ioblocking: 400 numblocked: 1 comptime: 1156 currentTime: 6
Process1 cpudone: 407 cputime: 1300 ionext: 7 ioblocking: 400 numblocked: 1 comptime: 1157 currentTime: 7
Process1 cpudone: 408 cputime: 1300 ionext: 8 ioblocking: 400 numblocked: 1 comptime: 1158 currentTime: 8
Process1 cpudone: 409 cputime: 1300 ionext: 9 ioblocking: 400 numblocked: 1 comptime: 1159 currentTime: 9
Process1 cpudone: 410 cputime: 1300 ionext: 10 ioblocking: 400 numblocked: 1 comptime: 1160 currentTime: 10
Process1 cpudone: 411 cputime: 1300 ionext: 11 ioblocking: 400 numblocked: 1 comptime: 1161 currentTime: 11
Process1 cpudone: 412 cputime: 1300 ionext: 12 ioblocking: 400 numblocked: 1 comptime: 1162 currentTime: 12
Process1 cpudone: 413 cputime: 1300 ionext: 13 ioblocking: 400 numblocked: 1 comptime: 1163 currentTime: 13
Process1 cpudone: 414 cputime: 1300 ionext: 14 ioblocking: 400 numblocked: 1 comptime: 1164 currentTime: 14
Process1 cpudone: 415 cputime: 1300 ionext: 15 ioblocking: 400 numblocked: 1 comptime: 1165 currentTime: 15
Process1 cpudone: 416 cputime: 1300 ionext: 16 ioblocking: 400 numblocked: 1 comptime: 1166 currentTime: 16
Process1 cpudone: 417 cputime: 1300 ionext: 17 ioblocking: 400 numblocked: 1 comptime: 1167 currentTime: 17
Process1 cpudone: 418 cputime: 1300 ionext: 18 ioblocking: 400 numblocked: 1 comptime: 1168 currentTime: 18
Process1 cpudone: 419 cputime: 1300 ionext: 19 ioblocking: 400 numblocked: 1 comptime: 1169 currentTime: 19
Process1 cpudone: 420 cputime: 1300 ionext: 20 ioblocking: 400 numblocked: 1 comptime: 1170 currentTime: 20
Process1 cpudone: 421 cputime: 1300 ionext: 21 ioblocking: 400 numblocked: 1 comptime: 1171 currentTime: 21
Process1 cpudone: 422 cputime: 1300 ionext: 22 ioblocking: 400 numblocked: 1 comptime: 1172 currentTime: 22
Process1 cpudone: 423 cputime: 1300 ionext: 23 ioblocking: 400 numblocked: 1 comptime: 1173 currentTime: 23
Process1 cpudone: 424 cputime: 1300 ionext: 24 ioblocking: 400 numblocked: 1 comptime: 1174 currentTime: 24
Process1 cpudone: 425 cputime: 1300 ionext: 25 ioblocking: 400 numblocked: 1 comptime: 1175 currentTime: 25
Process1 cpudone: 426 cputime: 1300 ionext: 26 ioblocking: 400 numblocked: 1 comptime: 1176 currentTime: 26
Process1 cpudone: 427 cputime: 1300 ionext: 27 ioblocking: 400 numblocked: 1 comptime: 1177 currentTime: 27
Process1 cpudone: 428 cputime: 1300 ionext: 28 ioblocking: 400 numblocked: 1 comptime: 1178 currentTime: 28
Process1 cpudone: 429 cputime: 1300 ionext: 29 ioblocking: 400 numblocked: 1 comptime: 1179 currentTime: 29
Process1 cpudone: 430 cputime: 1300 ionext: 30 ioblocking: 400 numblocked: 1 comptime: 1180 currentTime: 30
Process1 cpudone: 431 cputime: 1300 ionext: 31 ioblocking: 400 numblocked: 1 comptime: 1181 currentTime: 31
Process1 cpudone: 432 cputime: 1300 ionext: 32 ioblocking: 400 numblocked: 1 comptime: 1182 currentTime: 32
Process1 cpudone: 433 cputime: 1300 ionext: 33 ioblocking: 400 numblocked: 1 comptime: 1183 currentTime: 33
Process1 cpudone: 434 cputime: 1300 ionext: 34 ioblocking: 400 numblocked: 1 comptime: 1184 currentTime: 34
Process1 cpudone: 435 cputime: 1300 ionext: 35 ioblocking: 400 numblocked: 1 comptime: 1185 currentTime: 35
Process1 cpudone: 436 cputime: 1300 ionext: 36 ioblocking: 400 numblocked: 1 comptime: 1186 currentTime: 36
Process1 cpudone: 437 cputime: 1300 ionext: 37 ioblocking: 400 numblocked: 1 comptime: 1187 currentTime: 37
Process1 cpudone: 438 cputime: 1300 ionext: 38 ioblocking: 400 numblocked: 1 comptime: 1188 currentTime: 38
Process1 cpudone: 439 cputime: 1300 ionext: 39 ioblocking: 400 numblocked: 1 comptime: 1189 currentTime: 39
Process1 cpudone: 440 cputime: 1300 ionext: 40 ioblocking: 400 numblocked: 1 comptime: 1190 currentTime: 40
Process1 cpudone: 441 cputime: 1300 ionext: 41 ioblocking: 400 numblocked: 1 comptime: 1191 currentTime: 41
Process1 cpudone: 442 cputime: 1300 ionext: 42 ioblocking: 400 numblocked: 1 comptime: 1192 currentTime: 42
Process1 cpudone: 443 cputime: 1300 ionext: 43 ioblocking: 400 numblocked: 1 comptime: 1193 currentTime: 43
Process1 cpudone: 444 cputime: 1300 ionext: 44 ioblocking: 400 numblocked: 1 comptime: 1194 currentTime: 44
Process1 cpudone: 445 cputime: 1300 ionext: 45 ioblocking: 400 numblocked: 1 comptime: 1195 currentTime: 45
Process1 cpudone: 446 cputime: 1300 ionext: 46 ioblocking: 400 numblocked: 1 comptime: 1196 currentTime: 46
Process1 cpudone: 447 cputime: 1300 ionext: 47 ioblocking: 400 numblocked: 1 comptime: 1197 currentTime: 47
Process1 cpudone: 448 cputime: 1300 ionext: 48 ioblocking: 400 numblocked: 1 comptime: 1198 currentTime: 48
Process1 cpudone: 449 cputime: 1300 ionext: 49 ioblocking: 400 numblocked: 1 comptime: 1199 currentTime: 49
